9
Efcwn 1
kjgxign@gmail.com
Jmvax 1
lkfelpi@stud.pub.ro
Mfkko 1
uriuydi@yahoo.com
Uhfjy 1
meojjyy@yahoo.com
Vqkwt 3
bqaplae@yahoo.com
sfuaody@yahoo.com
tjjqrkx@outlook.com
Ykyxh 3
ilpkuqr@stud.pub.ro
rkyxdjp@gmail.com
rtsfhsd@gmail.com
Baejc 4
cywjwvm@hotmail.com
mvquvtt@stud.pub.ro
nnwdonj@gmail.com
slffixh@yahoo.com
Awlys 5
agrecun@hotmail.com
ansgaos@outlook.com
awiptou@hotmail.com
bknbvae@yahoo.com
tqusjce@stud.pub.ro
Jgvvo 5
ncfxxps@stud.pub.ro
nhoakcc@stud.pub.ro
qvfvoqm@outlook.com
scyuoup@hotmail.com
tjicyvc@gmail.com
