13
Gdysu 1
enhotuq@outlook.com
Mwfdv 1
ywjtnsf@hotmail.com
Nsqce 1
bjecxim@outlook.com
Ybrpl 1
ieboqps@outlook.com
Dheby 2
ghuqagu@gmail.com
qjtscav@outlook.com
Fnvxo 2
kgkbpyv@stud.pub.ro
ridryub@hotmail.com
Iuveo 2
plmoibo@yahoo.com
rmggiem@outlook.com
Mbqkf 2
hieelqx@hotmail.com
lxoymvh@gmail.com
Otlyy 2
lkhsoks@outlook.com
ndlpntq@stud.pub.ro
Deesp 3
dqkkhxc@gmail.com
fsvmdpr@hotmail.com
twcymib@yahoo.com
Xlmax 3
cnftblw@outlook.com
ttvhrhl@gmail.com
ybaproa@hotmail.com
Ptibu 5
djcwlwj@stud.pub.ro
hdtcvcd@yahoo.com
lyqmdng@hotmail.com
rueybna@yahoo.com
wuqknmu@gmail.com
Kflgq 9
adsufld@outlook.com
dfhkgii@gmail.com
ealdygv@stud.pub.ro
fhfescb@gmail.com
goaxjbg@hotmail.com
lrwbkty@gmail.com
riadttf@hotmail.com
sulbrrq@gmail.com
uiejlug@gmail.com
