16
Lrtba 4
ccflqmd@hotmail.com
lsterds@stud.pub.ro
njnanni@gmail.com
ppqqebb@hotmail.com
Uhpsl 8
edridpl@yahoo.com
eevkndu@gmail.com
frlhpnw@stud.pub.ro
ghojxyo@outlook.com
ipojhbp@gmail.com
kifhjhj@outlook.com
ootalyh@hotmail.com
vfyqjvg@yahoo.com
Rmyhj 9
bnwrcyn@outlook.com
bvyfeud@hotmail.com
jpselar@yahoo.com
jwloffv@hotmail.com
rtdmuyg@stud.pub.ro
rypsudx@hotmail.com
sxdxups@hotmail.com
wmsqnpi@outlook.com
xjjsdeh@outlook.com
Qhxij 12
esnsibm@yahoo.com
eyvmerx@hotmail.com
hrktytn@outlook.com
ncbdeym@outlook.com
oblfvau@gmail.com
pbllfqb@gmail.com
qbafmuy@hotmail.com
raejyrw@hotmail.com
robjkul@gmail.com
vypogaf@outlook.com
wpcowtf@stud.pub.ro
wpnxhjl@yahoo.com
Wsmhf 13
aqqtuwm@yahoo.com
dpvdehh@hotmail.com
gblrydj@yahoo.com
hjlqrlc@yahoo.com
isaxhgy@stud.pub.ro
lgwulgl@stud.pub.ro
mklytvn@hotmail.com
myufljm@gmail.com
nkxunle@stud.pub.ro
pfpkepu@hotmail.com
smqbjtn@yahoo.com
sqcyokk@hotmail.com
xjvbsdn@yahoo.com
Iwqoi 14
atoeiff@yahoo.com
dqgmpiv@outlook.com
dwrqbxo@yahoo.com
gjyueqd@stud.pub.ro
kjjlean@yahoo.com
lkeldhq@outlook.com
nggytjf@stud.pub.ro
oobostx@outlook.com
rifupii@gmail.com
ssewspb@gmail.com
unrthpt@outlook.com
vaijooy@stud.pub.ro
vigqffn@hotmail.com
ymieoua@yahoo.com
Nkeyd 15
bhrxdbv@stud.pub.ro
bxoktbl@stud.pub.ro
cdmehxq@hotmail.com
dowrpvi@yahoo.com
favnawh@stud.pub.ro
fetwuor@yahoo.com
hlvsebc@outlook.com
hnwqeiw@outlook.com
icolbpy@gmail.com
igvjilj@yahoo.com
rcdprcq@yahoo.com
rfioipw@outlook.com
smvmkhm@yahoo.com
wnnnplm@hotmail.com
xogrwgw@gmail.com
Qgdjy 39
acpqlwc@hotmail.com
bmperhn@yahoo.com
bojkhth@outlook.com
cjpmjrg@hotmail.com
cohuhvj@hotmail.com
dklnwwk@outlook.com
dtkirjl@yahoo.com
dwunobu@hotmail.com
eqjaoqt@yahoo.com
fgeqvpg@gmail.com
flnipob@stud.pub.ro
fsguiof@outlook.com
fuofpcu@hotmail.com
fxhgkhu@outlook.com
hddyrgg@stud.pub.ro
hncyhbm@stud.pub.ro
htvvjjt@hotmail.com
ifdxvqq@outlook.com
iikxdqt@stud.pub.ro
ilvbmrs@hotmail.com
imwolww@gmail.com
ixblbyk@gmail.com
jreyffb@outlook.com
mdjwwkp@yahoo.com
mplytnd@outlook.com
npjoarx@hotmail.com
onwtqey@stud.pub.ro
pbifihy@hotmail.com
pqpmeov@gmail.com
qcyixbe@outlook.com
qjqctoc@yahoo.com
qmqyvyp@stud.pub.ro
qswptuj@stud.pub.ro
qwiijtv@hotmail.com
rkomiwt@gmail.com
royjkaw@gmail.com
tbkluos@outlook.com
xammcxv@yahoo.com
ymcifgo@hotmail.com
Kuqrl 59
adevodr@gmail.com
aqljxat@yahoo.com
aynkvje@outlook.com
bvegtko@outlook.com
bwjqkqv@yahoo.com
ceqkifi@gmail.com
ceyjlhv@stud.pub.ro
cqlasya@stud.pub.ro
cvbbiqr@outlook.com
cxetgeq@yahoo.com
ddsstfw@gmail.com
dhhhelw@yahoo.com
dhnslke@hotmail.com
dxfgyhf@stud.pub.ro
ewjogof@stud.pub.ro
faisrey@yahoo.com
fdgjihj@gmail.com
fruomer@yahoo.com
gamhyty@gmail.com
gbjwdsw@outlook.com
ggqjbit@stud.pub.ro
gidkyat@yahoo.com
hfudews@yahoo.com
hirfsll@stud.pub.ro
hjmlnyd@gmail.com
hmahpgv@hotmail.com
igfuato@outlook.com
ikcpsmo@hotmail.com
ixpumty@hotmail.com
jcujouu@hotmail.com
jiqwher@gmail.com
jstugpo@gmail.com
kbracrq@yahoo.com
kwnecvg@outlook.com
lhyiqhi@outlook.com
losyssd@stud.pub.ro
lqrbuws@outlook.com
meuqhdn@hotmail.com
mirurqv@yahoo.com
mjsjnik@yahoo.com
mktdpwp@gmail.com
mnywqrg@gmail.com
nnyojmj@gmail.com
pcjgixe@gmail.com
pwgxmsr@yahoo.com
qaqqtaf@gmail.com
qgjvbhm@yahoo.com
qnkojdq@yahoo.com
qxvwnab@gmail.com
rfmoddo@outlook.com
ubtbhjr@outlook.com
utvqjob@stud.pub.ro
vkxrldx@yahoo.com
vuspxvr@outlook.com
xjgijku@outlook.com
xjhushf@stud.pub.ro
xqwqdlj@hotmail.com
xtcajra@stud.pub.ro
yhjmufc@yahoo.com
Faokr 70
agkfmbm@gmail.com
aqwogxd@hotmail.com
aubvnib@stud.pub.ro
awudeuw@hotmail.com
bfderij@stud.pub.ro
bkmnedy@yahoo.com
cejdvur@stud.pub.ro
cgbdqub@stud.pub.ro
csfhwxo@outlook.com
cxtrucf@stud.pub.ro
dfvtcja@stud.pub.ro
djadbxg@stud.pub.ro
dmlglnv@gmail.com
elofkas@stud.pub.ro
elvbfrg@stud.pub.ro
eumpoak@hotmail.com
fesjffc@gmail.com
gfdklpb@hotmail.com
gfrnmvt@yahoo.com
gjpglcj@outlook.com
haccdoe@outlook.com
haomxxi@yahoo.com
hcpsnjg@stud.pub.ro
hdiorht@gmail.com
hispxxs@stud.pub.ro
hkswqwl@gmail.com
ijuraah@hotmail.com
ivwgoae@outlook.com
jykxjob@stud.pub.ro
jyswske@hotmail.com
kcidcyg@yahoo.com
knyopfd@outlook.com
kwyauic@stud.pub.ro
mcsdxmi@stud.pub.ro
mftqqry@stud.pub.ro
mklkhxw@hotmail.com
mlfkrfr@gmail.com
mtemwcc@stud.pub.ro
mxcliyp@outlook.com
nrxipwv@gmail.com
ofmnkdi@gmail.com
ofpenie@hotmail.com
onidowl@hotmail.com
osnykrg@yahoo.com
pdbibvo@stud.pub.ro
plwbifl@yahoo.com
qdknnal@gmail.com
qggmesb@yahoo.com
qtjinmi@stud.pub.ro
rfnwwhm@gmail.com
smgsjsm@hotmail.com
txgiqap@yahoo.com
udothbk@gmail.com
uhqvnrs@stud.pub.ro
ukaslah@stud.pub.ro
urgnpld@outlook.com
uuonqiw@hotmail.com
uwnpfge@gmail.com
uykcspr@hotmail.com
vbetybf@outlook.com
vjpvbcq@stud.pub.ro
wnpmuhm@hotmail.com
wtfbgug@yahoo.com
xbwobsd@outlook.com
xlrcmer@yahoo.com
yfypiey@outlook.com
ymbrqxb@yahoo.com
yopjeyi@hotmail.com
yqvgjgi@outlook.com
yxuptqg@yahoo.com
Ooxip 82
afrlnug@stud.pub.ro
afvijgm@stud.pub.ro
amltwea@yahoo.com
aqmurpq@gmail.com
aqofntm@yahoo.com
atahtqc@yahoo.com
bgrwewh@gmail.com
bmjwjsr@stud.pub.ro
bxypqlu@outlook.com
byavphr@outlook.com
cdfvjll@yahoo.com
cdtfrhe@hotmail.com
cgqexof@gmail.com
dkobqoe@outlook.com
dsslrrp@outlook.com
dtxvpbm@gmail.com
esfxhle@yahoo.com
esygkgb@outlook.com
fmkucwc@yahoo.com
fphavrf@stud.pub.ro
fucyfxy@outlook.com
gjspetk@gmail.com
glyxivm@gmail.com
hduckuy@hotmail.com
hlmrcrv@yahoo.com
hmaghrn@yahoo.com
hqqefpx@stud.pub.ro
htwpasa@yahoo.com
iakruiw@hotmail.com
itrpxot@yahoo.com
ivohuai@hotmail.com
kdfjvcb@stud.pub.ro
kduhybh@outlook.com
kdwrvkl@outlook.com
klxucps@outlook.com
kqrnfdy@yahoo.com
kvsgmwk@yahoo.com
leymlma@stud.pub.ro
ljolukn@gmail.com
lwsobbh@yahoo.com
mbsebcq@gmail.com
mlclxxn@yahoo.com
mnycedq@yahoo.com
mrkqfad@gmail.com
mxgowql@hotmail.com
napvqgp@stud.pub.ro
nkapmrr@gmail.com
nldvmqw@gmail.com
noafutu@hotmail.com
ogpslla@outlook.com
ollsfxj@outlook.com
olvwiuh@yahoo.com
opwhdvw@yahoo.com
ovtqovu@gmail.com
qhidfde@stud.pub.ro
qortmjx@yahoo.com
qsgwvco@yahoo.com
quqmxcx@yahoo.com
qyadptl@yahoo.com
rkinwcb@outlook.com
rnpigmv@stud.pub.ro
rpxxfmn@stud.pub.ro
rtyedvn@hotmail.com
sqbbfch@yahoo.com
ssxtjbx@gmail.com
twqnxep@gmail.com
ubrbjcy@stud.pub.ro
upxbsib@outlook.com
uytssdb@yahoo.com
vatomsx@yahoo.com
vcknvhd@stud.pub.ro
vhaywqk@hotmail.com
vhnttju@gmail.com
vperswh@yahoo.com
vrdadid@yahoo.com
wbvbsur@outlook.com
whanbpk@hotmail.com
wldoarp@stud.pub.ro
xkocpad@yahoo.com
yjqppxh@outlook.com
yqiimmd@gmail.com
yvqjyqv@hotmail.com
Awlqc 84
acpouos@gmail.com
aglstor@stud.pub.ro
ahhmitl@yahoo.com
ajwfejw@hotmail.com
akertfr@yahoo.com
atddrrs@yahoo.com
atptagd@stud.pub.ro
bkwgojc@hotmail.com
bplcrej@gmail.com
dqrykwl@gmail.com
dssxnvv@yahoo.com
elrogkl@stud.pub.ro
eqqahaa@stud.pub.ro
erbyvvk@gmail.com
ferrvam@gmail.com
fllajag@yahoo.com
fniqeei@hotmail.com
gcdholy@outlook.com
gnfphel@hotmail.com
heekado@yahoo.com
hjrcljs@hotmail.com
htpqhww@hotmail.com
ighwonn@yahoo.com
igksvwu@gmail.com
ikqgvha@stud.pub.ro
ioqfnyh@hotmail.com
jkgtllk@hotmail.com
jrevfre@yahoo.com
kwwgbso@outlook.com
loqpxry@gmail.com
lskeeny@yahoo.com
mvnbpqy@hotmail.com
nkqacfi@hotmail.com
nlohkrs@gmail.com
npoxgme@hotmail.com
nvcwbiw@stud.pub.ro
nxxpvph@hotmail.com
nxyenml@gmail.com
otklkek@stud.pub.ro
oyhgmfk@hotmail.com
oyhjicn@gmail.com
pawmlrp@hotmail.com
pgtfujp@outlook.com
pjlqaow@stud.pub.ro
pmbpcdv@outlook.com
pvgqfxn@yahoo.com
qtxdxro@gmail.com
raspqac@gmail.com
rkqeaya@hotmail.com
rmtjmgc@outlook.com
rpcjncg@stud.pub.ro
sannoeq@yahoo.com
slaajel@outlook.com
stybxao@outlook.com
subptng@outlook.com
tdwtpbj@outlook.com
tfwykqx@gmail.com
tgwrvwm@yahoo.com
tpxglcv@gmail.com
tswhtnj@stud.pub.ro
txqyiyn@outlook.com
ucblmfl@hotmail.com
ujbfmxc@gmail.com
uskuglg@stud.pub.ro
uvannfp@gmail.com
vgadyks@hotmail.com
vgbewus@stud.pub.ro
vpqemwy@yahoo.com
vxyqkdl@outlook.com
wadrqrd@stud.pub.ro
wdhjsar@gmail.com
whsbfjq@stud.pub.ro
witgsnl@hotmail.com
wpgbtpd@hotmail.com
wpwkwsf@stud.pub.ro
wuchgfl@outlook.com
wxtiuns@gmail.com
xcgpjwo@outlook.com
xittmjb@stud.pub.ro
xkmctkh@outlook.com
xlgsgyv@stud.pub.ro
xvjxfkf@outlook.com
yfghsft@gmail.com
ylolpkr@outlook.com
Sepgj 92
aeibptv@hotmail.com
agmlfqm@yahoo.com
agsanqo@outlook.com
aqtlmtj@outlook.com
aurasji@stud.pub.ro
axaunth@outlook.com
bctuyna@yahoo.com
bdakcij@stud.pub.ro
berrptp@outlook.com
bpgnpnq@hotmail.com
bpytofp@yahoo.com
brnaehw@stud.pub.ro
btahhqv@hotmail.com
cxsnpmo@stud.pub.ro
cyenpfa@outlook.com
dbsafqy@hotmail.com
deggigs@gmail.com
demenbe@hotmail.com
dqjqoud@outlook.com
dqxnxan@gmail.com
dwfsatq@outlook.com
dxwadry@yahoo.com
efstqcj@gmail.com
elyjkqw@gmail.com
eqmqeqa@outlook.com
flwuufq@yahoo.com
fppdshs@stud.pub.ro
fupikwy@gmail.com
fvunctv@hotmail.com
fyauadw@outlook.com
hbgddwy@gmail.com
hckpfhf@hotmail.com
heeydbg@stud.pub.ro
hvrnumd@gmail.com
ihdlroi@yahoo.com
ijroqkw@hotmail.com
iyfdacj@outlook.com
japtsln@hotmail.com
jhmsxgo@yahoo.com
jqiuayb@yahoo.com
jvxbbpa@gmail.com
kbdtqea@stud.pub.ro
kfilsty@gmail.com
kkjykti@outlook.com
kqyrswb@gmail.com
mbarqwo@stud.pub.ro
mmbrjix@stud.pub.ro
mxrbmwm@yahoo.com
nmejqfj@yahoo.com
nunhmlh@gmail.com
nvapvuo@stud.pub.ro
nvjpcgu@outlook.com
odnuksj@outlook.com
osnycxi@hotmail.com
ovfohju@gmail.com
pnxhvdu@stud.pub.ro
ppjfbns@stud.pub.ro
pxrqmet@outlook.com
pxtuuwu@hotmail.com
pyxfejp@hotmail.com
qbkrriu@hotmail.com
qfrmtbj@outlook.com
qtgjqsp@yahoo.com
quuysjs@yahoo.com
reflshe@outlook.com
rmqjwso@stud.pub.ro
skjhiwl@outlook.com
tcikbeb@yahoo.com
tiaofnn@outlook.com
tssvrsd@gmail.com
twscftn@yahoo.com
uaiukww@stud.pub.ro
ubdobrb@stud.pub.ro
ubibfeq@stud.pub.ro
udhwuss@gmail.com
uewfdhu@outlook.com
ufamhqe@stud.pub.ro
uverjpo@gmail.com
vhaicgg@outlook.com
vntweee@yahoo.com
vpftofy@gmail.com
vvlomxh@yahoo.com
vwbeums@outlook.com
weortxm@stud.pub.ro
wnkqwii@stud.pub.ro
xardaha@stud.pub.ro
xiejbsq@stud.pub.ro
xjsniwd@stud.pub.ro
xtejwix@hotmail.com
xvyjrgw@gmail.com
ywnptpk@gmail.com
yyvqhhu@outlook.com
Ocffv 93
aqrhaol@yahoo.com
aykvumo@gmail.com
ayqnnkw@outlook.com
baxpbhc@hotmail.com
blceycd@yahoo.com
cfornwl@gmail.com
chfkbfm@stud.pub.ro
clfping@gmail.com
cwiypca@hotmail.com
cyiisdi@hotmail.com
dpfhmbn@gmail.com
dxggtrf@yahoo.com
dxulfsd@gmail.com
ebsudsf@yahoo.com
edoufya@stud.pub.ro
emgoomk@gmail.com
fbcisuj@gmail.com
fmjxnqj@gmail.com
frjyahd@hotmail.com
fvabppv@hotmail.com
fwplyvo@yahoo.com
hcqyebu@stud.pub.ro
hkxtkjj@yahoo.com
hpatxsw@stud.pub.ro
hxkjuad@outlook.com
hxrnnrt@hotmail.com
ibjdyis@stud.pub.ro
inpddlt@yahoo.com
iowobxt@gmail.com
iygsoar@hotmail.com
jcarcnw@outlook.com
jcqmmvh@yahoo.com
jgmppdk@outlook.com
knokfrg@stud.pub.ro
kqxmvns@hotmail.com
kummsqf@yahoo.com
lcaixxr@stud.pub.ro
lgjbxbp@outlook.com
lhrsxgq@outlook.com
llaprqd@outlook.com
lrxbceu@hotmail.com
lurcycu@gmail.com
lwvpbrd@yahoo.com
lyfpjyy@hotmail.com
mbnsloa@stud.pub.ro
mcxgytt@stud.pub.ro
mebixrq@stud.pub.ro
megkhdk@outlook.com
mehflwt@gmail.com
mwvsbvi@outlook.com
nduhfyn@yahoo.com
nekissv@stud.pub.ro
nhupiie@stud.pub.ro
nkeqmdn@outlook.com
nlgsfef@yahoo.com
nlhhmdp@stud.pub.ro
nlhqjej@gmail.com
oophwqt@hotmail.com
opixqma@gmail.com
otpjfdu@yahoo.com
pckaoux@outlook.com
pcyamqs@gmail.com
puxrqta@yahoo.com
pxleojt@yahoo.com
qrecpuj@hotmail.com
rbhjypk@yahoo.com
rcuucii@yahoo.com
rleksgh@yahoo.com
rqtclxa@hotmail.com
saquisl@outlook.com
shjkndn@yahoo.com
snqtlxa@gmail.com
spebaat@hotmail.com
suohprj@yahoo.com
tbeopcv@stud.pub.ro
tbeydsl@gmail.com
tcbnysw@hotmail.com
tloemjg@gmail.com
twjfxtg@gmail.com
txqidxe@outlook.com
ukrckds@outlook.com
vacbxpe@gmail.com
vcdhjgd@hotmail.com
veeqtax@yahoo.com
vueodub@outlook.com
waviarc@outlook.com
wdnjpce@yahoo.com
xgepsum@hotmail.com
xhhhcth@outlook.com
xmupsbs@gmail.com
xnlulws@yahoo.com
xuomlnv@stud.pub.ro
ynwsxlf@gmail.com
Mnojh 108
ajadlij@yahoo.com
amtvtyw@gmail.com
anjxsue@hotmail.com
aprwegu@hotmail.com
atkreef@hotmail.com
awhufrl@yahoo.com
aydwpco@hotmail.com
beuqcfo@yahoo.com
bjoqtat@yahoo.com
cckliks@stud.pub.ro
cnbbgtw@yahoo.com
ctlglxr@outlook.com
ctljpes@gmail.com
cywtlnl@yahoo.com
dcgawpq@stud.pub.ro
djyfwee@hotmail.com
dldyioa@hotmail.com
dtpwtrk@hotmail.com
eenfqua@yahoo.com
fbenvli@gmail.com
fckhuve@yahoo.com
ffowrtm@outlook.com
fhhllqa@stud.pub.ro
fjsusnb@outlook.com
fmueoky@stud.pub.ro
fngcywk@outlook.com
fosgcmu@yahoo.com
fqisqly@hotmail.com
fvfbidv@gmail.com
fweowge@yahoo.com
gnhbibs@hotmail.com
gsncjai@stud.pub.ro
gsthqud@outlook.com
hbvsxym@yahoo.com
hnsdwaw@stud.pub.ro
hnxpnyy@gmail.com
hobykyp@yahoo.com
hpvxbyl@hotmail.com
huptxiv@gmail.com
huwwwux@yahoo.com
hxgjiut@gmail.com
icavltd@outlook.com
iribbpd@outlook.com
irihtyu@stud.pub.ro
itelnhg@gmail.com
jdixayf@gmail.com
jdppslt@gmail.com
jgcrouu@outlook.com
jhiclni@outlook.com
jiwvhlg@gmail.com
jqkjfry@outlook.com
jqsqlmn@outlook.com
jrentio@yahoo.com
khilaqk@gmail.com
kjhfyvl@gmail.com
kqusgdj@yahoo.com
lfpbtpe@stud.pub.ro
llrtesx@hotmail.com
mdewged@outlook.com
mmcvmpp@stud.pub.ro
mrttahv@yahoo.com
mtkgdre@yahoo.com
neqstlw@yahoo.com
nraldtp@yahoo.com
ntlcooo@gmail.com
ntmbtxr@gmail.com
nvrdgdi@yahoo.com
nvwfidq@yahoo.com
odmclsd@hotmail.com
okovwci@outlook.com
oomfpnl@hotmail.com
oqwdmrj@stud.pub.ro
pcukrqv@stud.pub.ro
pegxnkl@stud.pub.ro
pnbshrh@outlook.com
qbvjhki@hotmail.com
qftwuha@stud.pub.ro
qhmugdr@outlook.com
qhwlgos@hotmail.com
qpxxkem@stud.pub.ro
qqkmvkv@outlook.com
rphcbra@gmail.com
rtdvfhr@stud.pub.ro
rtuutnd@hotmail.com
rxuticb@hotmail.com
sdbdqng@stud.pub.ro
tesxrof@hotmail.com
twhkwat@hotmail.com
uevdydw@yahoo.com
uigrvwt@hotmail.com
unuaraw@stud.pub.ro
updxovj@gmail.com
uxayfip@hotmail.com
vaoqjhy@outlook.com
vhpynur@hotmail.com
vkehgup@yahoo.com
vppqekq@gmail.com
vweghjs@hotmail.com
vwqsiye@yahoo.com
wqlblel@yahoo.com
wrdhbsi@gmail.com
wsrorev@yahoo.com
wtbvcrm@yahoo.com
xpihpfk@hotmail.com
yexfvms@yahoo.com
ygoqlpq@outlook.com
yskivju@gmail.com
yupxxoo@yahoo.com
Gctsj 190
aalgylk@stud.pub.ro
agpcwub@outlook.com
aloyqmv@hotmail.com
aruhoxx@yahoo.com
aydayyu@outlook.com
bdoirlb@stud.pub.ro
bdqmmqd@hotmail.com
bgxksic@hotmail.com
bjkjkwp@yahoo.com
bkbekax@stud.pub.ro
bslhrxs@gmail.com
bsltlid@gmail.com
byjngvr@outlook.com
cflvrtu@gmail.com
cftjruw@hotmail.com
clpsjjn@hotmail.com
cnpwwtb@stud.pub.ro
cqecvdg@gmail.com
daswawk@hotmail.com
dbehvna@hotmail.com
doaeict@outlook.com
drhqued@outlook.com
duuytfa@gmail.com
dwpanwc@gmail.com
dwyxdba@yahoo.com
dxlbyft@yahoo.com
ebgenjo@stud.pub.ro
edddkqt@outlook.com
egyfrym@gmail.com
eobsiby@yahoo.com
epvtnrq@gmail.com
evjkgig@hotmail.com
fcfaxed@yahoo.com
fdtecoq@outlook.com
fggmdki@outlook.com
fidaipf@yahoo.com
flfxnau@gmail.com
fsytrnt@stud.pub.ro
ftnohdv@hotmail.com
fuamsnw@stud.pub.ro
gcavvim@yahoo.com
ggwqyfh@gmail.com
ghqutgw@stud.pub.ro
gisfxtj@yahoo.com
gjndgoa@gmail.com
grggyma@hotmail.com
guvyijo@hotmail.com
gwutgvl@hotmail.com
heefwvf@hotmail.com
hjfphqc@gmail.com
hnmlbvf@hotmail.com
hofekjy@gmail.com
hqqtrxj@yahoo.com
hqurijs@outlook.com
hrrlhmb@stud.pub.ro
hvvosha@stud.pub.ro
iacmpnk@hotmail.com
ighxnwo@stud.pub.ro
ijjtxeu@gmail.com
ijngblw@yahoo.com
inbvecy@hotmail.com
ioisjel@yahoo.com
iscxhge@gmail.com
ixnqewm@outlook.com
jehnvcv@stud.pub.ro
jixphff@stud.pub.ro
jofnjlr@outlook.com
jompbby@yahoo.com
jondrve@outlook.com
jxpsvmr@yahoo.com
jysdgix@hotmail.com
khitfxg@gmail.com
kkrmwmw@yahoo.com
ktavahs@hotmail.com
lkddjhn@hotmail.com
lokljep@outlook.com
ltwpayq@gmail.com
lwhxenl@stud.pub.ro
lylknqw@yahoo.com
mbmqqsy@yahoo.com
menbswx@hotmail.com
mfpqsyp@outlook.com
mfswmql@hotmail.com
mfxsawj@outlook.com
mnxdnrg@stud.pub.ro
mwbwedi@outlook.com
myiyomq@hotmail.com
naophmh@stud.pub.ro
nefjnca@hotmail.com
nglehyv@outlook.com
niymhws@hotmail.com
nkqplvs@gmail.com
nrmuvwo@hotmail.com
nrvtwjc@outlook.com
nusjuth@gmail.com
nynwnfr@gmail.com
oanbdaq@yahoo.com
oaprwfo@stud.pub.ro
obvvtty@yahoo.com
oowrxke@gmail.com
otibncp@hotmail.com
pggsrqk@stud.pub.ro
phkuraa@stud.pub.ro
pksyfbr@hotmail.com
pmhhcxf@stud.pub.ro
pninxif@hotmail.com
ptebhwh@hotmail.com
pthwwqj@yahoo.com
puntxug@stud.pub.ro
pviasry@stud.pub.ro
qgiaywh@stud.pub.ro
qjjibgu@gmail.com
qkwmsyq@yahoo.com
qofkomq@gmail.com
qrqxdul@yahoo.com
qrwgejd@yahoo.com
qydrois@gmail.com
rbgabns@yahoo.com
rbwfgia@stud.pub.ro
rdiylqi@yahoo.com
rmddatd@gmail.com
rsnhakr@stud.pub.ro
rucupwb@hotmail.com
rwdqrod@gmail.com
sbmlwrn@yahoo.com
selxvhr@yahoo.com
sjrlmqj@hotmail.com
sqaslak@yahoo.com
sqqbyws@stud.pub.ro
srlcfpb@yahoo.com
susykiu@outlook.com
swtupcb@stud.pub.ro
taamsnt@hotmail.com
tayjovk@yahoo.com
tepxwbo@gmail.com
tgglmil@yahoo.com
thnrstg@outlook.com
ttwuyxa@outlook.com
tvpudja@hotmail.com
twfkxqx@stud.pub.ro
twklnvx@stud.pub.ro
ucepcrk@yahoo.com
ueskybt@hotmail.com
uirbuua@hotmail.com
uixovex@yahoo.com
ulmtsxv@outlook.com
ultjkra@gmail.com
uncohsa@gmail.com
unoicxk@hotmail.com
upakoir@yahoo.com
upemamg@gmail.com
upfmjsf@stud.pub.ro
uqgfvao@gmail.com
uvhhymw@gmail.com
uxcjblm@yahoo.com
uyjlsyb@outlook.com
vifbpxu@gmail.com
vrfvtvt@outlook.com
vtsknum@outlook.com
wbvekpn@gmail.com
wdheihw@yahoo.com
wgompbu@outlook.com
wkiptsl@stud.pub.ro
wmcjwqf@hotmail.com
wodbnxj@gmail.com
wogplau@outlook.com
woshboq@yahoo.com
wrknjac@stud.pub.ro
wsjqqvg@yahoo.com
wwdjdmf@gmail.com
xceyjyc@hotmail.com
xkxmpma@gmail.com
xkyxeqc@outlook.com
xnchnpb@outlook.com
xormeij@outlook.com
xpcsjwl@hotmail.com
xsdtsge@stud.pub.ro
xtplicu@stud.pub.ro
xyosnog@stud.pub.ro
ybpjyfu@yahoo.com
ybylejm@stud.pub.ro
yglravb@gmail.com
yignjxp@yahoo.com
ylyqosq@gmail.com
ymandde@stud.pub.ro
yputeug@outlook.com
yucikgc@hotmail.com
yvayqrf@hotmail.com
yxesfvy@outlook.com
yxqxedp@yahoo.com
