11
Cycxd 2
cicwdqb@gmail.com
ukfqoxy@yahoo.com
Gtkja 2
prdlsvl@gmail.com
vyjkrqy@hotmail.com
Fbbeb 3
aytfhgf@yahoo.com
mkbiemc@outlook.com
xaasfot@gmail.com
Wbkks 3
khpkeqb@yahoo.com
pkcxjbu@yahoo.com
wkfwjch@gmail.com
Hdwxu 4
iqoxnmb@hotmail.com
nxukgaf@outlook.com
qdulqmf@stud.pub.ro
xkwbqdo@stud.pub.ro
Dnocr 9
cnsnvbx@hotmail.com
djpbfsw@outlook.com
eioqiwj@gmail.com
jivhcsp@stud.pub.ro
jmdfaum@gmail.com
obqxcba@gmail.com
offcheh@hotmail.com
omdatjj@yahoo.com
tgdjthl@yahoo.com
Mgywg 9
dxmrlvg@stud.pub.ro
geuculc@gmail.com
kotflng@yahoo.com
lfrughb@outlook.com
qscujow@stud.pub.ro
tslfyss@stud.pub.ro
tubyidq@yahoo.com
ufcllge@hotmail.com
wrolsrg@gmail.com
Ckoka 10
aiwmdar@hotmail.com
dqtehxt@hotmail.com
dyvfhav@stud.pub.ro
fgqtxxg@hotmail.com
ftbrylf@stud.pub.ro
ktrbpwt@gmail.com
nhwfusw@stud.pub.ro
sobnxwd@hotmail.com
tacovus@gmail.com
uhbyoan@outlook.com
Dljux 13
axiydiv@outlook.com
bgdujmp@stud.pub.ro
dlponbw@hotmail.com
dsckuli@gmail.com
dxmvfgl@hotmail.com
eofjymm@yahoo.com
hikxjmt@outlook.com
lweampl@outlook.com
pursdsc@stud.pub.ro
qjuulek@outlook.com
stvxvri@stud.pub.ro
vvgvesg@stud.pub.ro
xrlckve@yahoo.com
Rleit 27
asnefrg@yahoo.com
avmupop@stud.pub.ro
ayvffta@stud.pub.ro
bpuwiej@yahoo.com
dnkndep@hotmail.com
dntkolm@gmail.com
fagwmkd@stud.pub.ro
hsutrva@gmail.com
hsvrhtj@stud.pub.ro
jihhssx@stud.pub.ro
jmsayhy@outlook.com
kfewgfn@stud.pub.ro
kglylon@yahoo.com
kndupmr@gmail.com
mkpsaqq@stud.pub.ro
nckofff@stud.pub.ro
ofxiiok@yahoo.com
pscqdja@stud.pub.ro
qrwaugq@gmail.com
skmilqc@hotmail.com
trrnong@hotmail.com
tutnrej@outlook.com
uquwhoq@gmail.com
wljagxl@outlook.com
wpibndu@hotmail.com
wvmerni@outlook.com
ykuekum@hotmail.com
Beqjw 4389
aahsubk@gmail.com
aakyjwd@outlook.com
aaljhpd@outlook.com
aansmor@outlook.com
aatqway@gmail.com
aattima@yahoo.com
aawhbea@yahoo.com
abbixdb@outlook.com
abenvpa@stud.pub.ro
abhlbdn@stud.pub.ro
abrtxpe@stud.pub.ro
abtspmm@hotmail.com
abueoyv@outlook.com
abwgbev@hotmail.com
abxtlwc@gmail.com
acgqnjv@gmail.com
acjrjep@yahoo.com
ackuxqq@yahoo.com
acnvuvl@stud.pub.ro
acnwisr@outlook.com
acrugjf@outlook.com
acuhxaj@stud.pub.ro
acwdwxj@outlook.com
acyshdo@yahoo.com
adapusm@hotmail.com
adbhbvh@outlook.com
adcwvin@hotmail.com
adddxep@outlook.com
addgkvp@yahoo.com
adymdbw@yahoo.com
adyvhqx@hotmail.com
aeamjob@hotmail.com
aeanqwt@gmail.com
aeeyfqu@stud.pub.ro
afavrte@outlook.com
afkgljk@outlook.com
afkvjev@outlook.com
afkwxxf@yahoo.com
afmkgkr@outlook.com
afocikc@outlook.com
afprjqm@stud.pub.ro
afruskv@stud.pub.ro
afvisuw@outlook.com
agauwxj@gmail.com
agaxqqt@outlook.com
agguiyt@stud.pub.ro
agljjbu@gmail.com
agmvgeb@gmail.com
agsrqqq@hotmail.com
agvqrqa@gmail.com
agvsmaf@gmail.com
agxwukl@outlook.com
agyxnlq@stud.pub.ro
ahbvejp@outlook.com
ahcktju@stud.pub.ro
ahdbdss@gmail.com
ahhjahn@gmail.com
ahjcunc@hotmail.com
ahtaggx@hotmail.com
ahujhyk@yahoo.com
aihcbvw@stud.pub.ro
ailqeia@yahoo.com
airngby@gmail.com
aiuqofa@gmail.com
ajadvtm@outlook.com
ajrivgr@hotmail.com
ajrktig@gmail.com
akhumvd@hotmail.com
akinaso@yahoo.com
aklcpyw@outlook.com
akqkwoe@outlook.com
alkosvm@hotmail.com
amawjen@gmail.com
amcttgc@yahoo.com
amfikib@yahoo.com
amhcxog@stud.pub.ro
ammwrre@yahoo.com
amnarwb@yahoo.com
ampivpl@outlook.com
amujonc@hotmail.com
amxdsug@gmail.com
andecie@stud.pub.ro
anhjchk@yahoo.com
anilgms@gmail.com
anjofgm@outlook.com
ankpfxm@hotmail.com
anotaqd@gmail.com
anrqiqn@gmail.com
anvsddo@gmail.com
aodybae@yahoo.com
aofhchu@stud.pub.ro
aopwlmm@hotmail.com
aoqtyub@hotmail.com
aowllad@yahoo.com
aoxhllj@stud.pub.ro
aoyexds@yahoo.com
apdyxph@gmail.com
apeubdi@hotmail.com
apeyors@hotmail.com
apglylt@stud.pub.ro
apksbcv@gmail.com
apokoww@stud.pub.ro
aposkly@gmail.com
apotvan@stud.pub.ro
aprrtno@hotmail.com
apudfxu@gmail.com
aqbhkli@yahoo.com
aqbnxhg@yahoo.com
aqdpnhc@hotmail.com
aqeegff@yahoo.com
aqgtoic@yahoo.com
aqsnowv@stud.pub.ro
aqwjqyb@hotmail.com
aqwobkt@yahoo.com
aqxjnbh@stud.pub.ro
arbvyod@gmail.com
ardeseh@outlook.com
arkylfx@hotmail.com
arlnkwi@stud.pub.ro
aruhqga@hotmail.com
asbhbpo@outlook.com
ascovrx@outlook.com
asjwkfq@gmail.com
asoeggd@gmail.com
asortha@hotmail.com
aswegjc@stud.pub.ro
asyhjkm@gmail.com
atdsyko@gmail.com
atgripx@outlook.com
attkkco@outlook.com
atuirbn@stud.pub.ro
auehjxp@hotmail.com
augvmog@gmail.com
auibaji@stud.pub.ro
auqyebb@gmail.com
auwinka@gmail.com
avdmpkq@stud.pub.ro
avggxqj@yahoo.com
avkyfdj@stud.pub.ro
avlbsmm@hotmail.com
avrcuxo@stud.pub.ro
avrjato@stud.pub.ro
avsfpvd@outlook.com
avsschq@stud.pub.ro
avtpodu@gmail.com
avtyttw@stud.pub.ro
awrehis@stud.pub.ro
awsekeu@yahoo.com
awsnxmu@outlook.com
awsuhgo@stud.pub.ro
awuucon@outlook.com
axfqwpg@outlook.com
axohrpm@outlook.com
axsctbo@hotmail.com
axtvhne@stud.pub.ro
axvrfvv@stud.pub.ro
ayadrgj@outlook.com
aycpyft@yahoo.com
ayfqcus@yahoo.com
ayjsyel@gmail.com
aypmihk@outlook.com
ayqfoto@yahoo.com
aywncjm@hotmail.com
baamjfi@hotmail.com
babbjbu@yahoo.com
bagipoy@gmail.com
baopmub@yahoo.com
bapongw@yahoo.com
barkjmc@gmail.com
basneqm@yahoo.com
batpsdj@outlook.com
baypbje@gmail.com
bbchqpf@hotmail.com
bbdkuid@yahoo.com
bbemoxv@hotmail.com
bbjtxxq@stud.pub.ro
bbrnwmb@yahoo.com
bbrpohu@hotmail.com
bbsuwlg@hotmail.com
bbvvwat@stud.pub.ro
bcdwtre@stud.pub.ro
bcgbbnl@yahoo.com
bcgmvfn@outlook.com
bcjhsou@stud.pub.ro
bcmgfsf@yahoo.com
bcwinhx@gmail.com
bddaqqc@outlook.com
bdfpird@stud.pub.ro
bdnappu@stud.pub.ro
bdxxflp@outlook.com
bdyimqq@stud.pub.ro
bebbmai@outlook.com
bebumub@outlook.com
becsmxl@gmail.com
behcdjr@hotmail.com
bejtsrv@outlook.com
bepvfyi@yahoo.com
betxbdr@gmail.com
bfcbeqn@gmail.com
bfhvxkl@stud.pub.ro
bfigrgk@stud.pub.ro
bfmfuoq@hotmail.com
bfojdyf@outlook.com
bfyvoup@hotmail.com
bgbqdtc@stud.pub.ro
bgjobdh@hotmail.com
bgjsfar@yahoo.com
bglcdwe@stud.pub.ro
bgqxfoh@gmail.com
bgvlrsy@stud.pub.ro
bgwaqhs@gmail.com
bgxsbmp@hotmail.com
bhbycpb@outlook.com
bhmemoc@outlook.com
bhmhwie@gmail.com
bhnonst@gmail.com
bhrrxnk@yahoo.com
bhtphni@hotmail.com
bhvfsld@stud.pub.ro
bhvydfx@gmail.com
bhxeosp@stud.pub.ro
bifjbtv@stud.pub.ro
biiwoys@yahoo.com
bilgajo@gmail.com
birulyl@gmail.com
bisvcxv@gmail.com
biyxigf@yahoo.com
bjaovkk@outlook.com
bjeelwn@gmail.com
bjeymfn@outlook.com
bjgpqjn@stud.pub.ro
bjhjlbb@hotmail.com
bjhngqh@yahoo.com
bjimamb@yahoo.com
bjkfpny@yahoo.com
bjtbwge@outlook.com
bjuuyyh@outlook.com
bjviwxl@gmail.com
bjwwnta@stud.pub.ro
bkbndbj@yahoo.com
bkhfpuj@hotmail.com
bkivtmg@gmail.com
bkkgfxl@stud.pub.ro
bkmaild@stud.pub.ro
bkurvaw@stud.pub.ro
blfwcdj@stud.pub.ro
blgipmn@stud.pub.ro
blipbjw@outlook.com
bljhmcb@gmail.com
blnlqed@outlook.com
blqgqvq@hotmail.com
bluvinr@stud.pub.ro
blxmvoj@stud.pub.ro
bmcdpdu@stud.pub.ro
bmcpqih@yahoo.com
bmhebbx@outlook.com
bmhjayh@outlook.com
bmkbllt@outlook.com
bmkgtab@stud.pub.ro
bmkukpm@hotmail.com
bmlsjbx@yahoo.com
bmolsqt@stud.pub.ro
bnajejw@gmail.com
bnnfixq@outlook.com
bnnosls@outlook.com
bnonmwr@outlook.com
bnqmcsy@stud.pub.ro
bnvcwsd@hotmail.com
bockqoa@gmail.com
boditme@hotmail.com
bohufxt@stud.pub.ro
bojlctv@outlook.com
bokhmse@outlook.com
bolluyr@yahoo.com
bomhchv@gmail.com
borepgn@hotmail.com
bpbrhjl@outlook.com
bpedttk@gmail.com
bpjqgmx@hotmail.com
bpphkqc@gmail.com
bprychk@hotmail.com
bpstomq@yahoo.com
bpxxxki@gmail.com
bqalocu@yahoo.com
bqeunwn@stud.pub.ro
bqfobuc@stud.pub.ro
bqhwyon@gmail.com
bqjblnb@yahoo.com
bqjkpbf@hotmail.com
bqputwl@hotmail.com
bqyihsq@stud.pub.ro
brehxwe@outlook.com
brhxifb@hotmail.com
brjnvhm@gmail.com
brkpucv@gmail.com
brpkrfx@gmail.com
brppwlq@gmail.com
brqatfo@stud.pub.ro
bsaqisk@gmail.com
bsfhrdm@outlook.com
bsfqgnc@outlook.com
bsfxcqv@gmail.com
bsklebx@outlook.com
bslgxgx@yahoo.com
bsmhoph@yahoo.com
bsomyty@hotmail.com
bsukayb@stud.pub.ro
bsulbdp@hotmail.com
bsunrhr@outlook.com
bsywxis@gmail.com
bsyyhhq@stud.pub.ro
bteasiv@gmail.com
btgpejv@yahoo.com
btjcvgw@gmail.com
btltjpd@yahoo.com
btnlmul@yahoo.com
btpnsnn@yahoo.com
btsaycf@gmail.com
bubcihr@gmail.com
bubnxsc@hotmail.com
buplakj@stud.pub.ro
buscxxm@outlook.com
buvxmwn@outlook.com
buwnkwd@hotmail.com
buxmmyw@outlook.com
buybpjc@gmail.com
bvglnvb@outlook.com
bvmkqhv@stud.pub.ro
bvnbptw@gmail.com
bvqrqca@hotmail.com
bvutulv@yahoo.com
bvvrcad@hotmail.com
bvwsugb@hotmail.com
bwcaono@stud.pub.ro
bwkfjeh@yahoo.com
bwmdobm@outlook.com
bwotwro@stud.pub.ro
bxcuprs@yahoo.com
bxcyhjy@hotmail.com
bxlksal@gmail.com
bxmfgqq@gmail.com
bxnqhbp@stud.pub.ro
bxstirq@yahoo.com
bxwfhab@stud.pub.ro
bxykyey@yahoo.com
byafnha@outlook.com
bygwhbi@hotmail.com
byjdbum@hotmail.com
byjqpor@stud.pub.ro
bypaejt@yahoo.com
bypqoly@outlook.com
bysiuul@outlook.com
bysjcqx@outlook.com
bysnijp@stud.pub.ro
byvipsv@outlook.com
bywjxcw@gmail.com
byyitoq@gmail.com
cafogbe@gmail.com
cagwjlw@outlook.com
caiowpg@gmail.com
camtejq@outlook.com
camwoel@outlook.com
carcwhk@hotmail.com
casnxsu@hotmail.com
catqxvp@hotmail.com
caunibb@gmail.com
cavvhel@hotmail.com
caxqivg@gmail.com
cbeswpb@outlook.com
cbgjoqp@outlook.com
cbmphsd@stud.pub.ro
cbuuokh@hotmail.com
cbxycxq@outlook.com
ccqriik@stud.pub.ro
ccrryix@stud.pub.ro
ccsjwey@yahoo.com
ccufogu@stud.pub.ro
cdoccvi@gmail.com
cdxgavy@yahoo.com
ceaaodb@yahoo.com
ceetycq@gmail.com
cepywrb@hotmail.com
cewakyi@hotmail.com
cexdebh@yahoo.com
cexiftj@stud.pub.ro
cfqjnph@gmail.com
cfstass@yahoo.com
cfuvaeo@stud.pub.ro
cfuvyvv@outlook.com
cfvhbms@yahoo.com
cfxjgux@outlook.com
cgbdimt@yahoo.com
cgnsnlg@stud.pub.ro
cgpnshj@gmail.com
cgtivbv@outlook.com
cgxrlya@stud.pub.ro
chblqgv@stud.pub.ro
chcjgft@hotmail.com
chitpfa@hotmail.com
chjypmh@gmail.com
chkbofd@stud.pub.ro
choestm@outlook.com
chpjvps@outlook.com
chqprqv@gmail.com
chvhhtw@stud.pub.ro
chysefm@hotmail.com
cicgpmv@gmail.com
cifhnjv@gmail.com
ciijhgc@gmail.com
ciiqtbs@gmail.com
cijckyy@hotmail.com
ciudvhj@gmail.com
ciutpqk@gmail.com
cixerhp@yahoo.com
cjaxwns@hotmail.com
cjcqagl@gmail.com
cjerpxt@hotmail.com
cjexngk@outlook.com
cjhfhro@yahoo.com
cjikhga@outlook.com
cjoqlao@hotmail.com
cjqjyxn@hotmail.com
cjqmfvt@outlook.com
cjsnttk@yahoo.com
cjyrnph@stud.pub.ro
cketssm@gmail.com
ckhivyb@hotmail.com
ckkgpox@outlook.com
ckmrqga@yahoo.com
ckukpod@yahoo.com
claqapv@stud.pub.ro
cldxqpm@yahoo.com
cleajuq@gmail.com
cljxsyi@stud.pub.ro
cloahhp@stud.pub.ro
clwxbcp@gmail.com
clxxcdg@hotmail.com
clyrmkl@outlook.com
cmirveb@yahoo.com
cmlyrsa@gmail.com
cmngyid@gmail.com
cmpxsad@hotmail.com
cmrdebx@hotmail.com
cmreayu@stud.pub.ro
cmtahnt@gmail.com
cnbwhxk@gmail.com
cncingv@yahoo.com
cnstudc@hotmail.com
cntdohx@outlook.com
cnumdyh@stud.pub.ro
cnvvbsc@stud.pub.ro
cnyfjdj@gmail.com
coaxydu@outlook.com
cofkabm@outlook.com
coiqqji@gmail.com
coqskmo@yahoo.com
cosunba@outlook.com
cotfafe@outlook.com
cougcst@gmail.com
covlejf@stud.pub.ro
cpamtmu@stud.pub.ro
cpcbauq@gmail.com
cpeuxwb@hotmail.com
cpfdfag@stud.pub.ro
cpgcdkn@hotmail.com
cphjiwv@hotmail.com
cphpffo@hotmail.com
cpkkmkn@hotmail.com
cplnpdb@outlook.com
cppnusj@stud.pub.ro
cpsiqmn@hotmail.com
cpujeyx@hotmail.com
cpvkeal@stud.pub.ro
cpvyguc@hotmail.com
cpwasha@outlook.com
cpwkqon@stud.pub.ro
cpwmltl@hotmail.com
cpwyqso@hotmail.com
cpxdcjn@outlook.com
cpxgwjh@hotmail.com
cpxloqj@hotmail.com
cpyqnqy@hotmail.com
cqeokwg@stud.pub.ro
cqfcypt@outlook.com
cqgennt@outlook.com
cqhymfw@gmail.com
cqjvwaw@gmail.com
cqoicfq@yahoo.com
cqpfyxl@hotmail.com
cqtfgtj@yahoo.com
cquafdv@gmail.com
cqvllgw@gmail.com
crbxpbo@outlook.com
crfvlga@gmail.com
crhphoc@outlook.com
crisrfs@gmail.com
crnndxu@outlook.com
crscigj@outlook.com
crxpktu@stud.pub.ro
cryaowt@stud.pub.ro
cryhhdu@gmail.com
csuuorb@hotmail.com
csxxlfn@stud.pub.ro
ctcaygh@gmail.com
ctgfaot@hotmail.com
ctocekv@hotmail.com
ctqfqqa@outlook.com
ctscdop@hotmail.com
cuabcqo@gmail.com
cuakddl@hotmail.com
cugvnmc@gmail.com
cujlfjd@yahoo.com
culojtk@hotmail.com
cusldre@yahoo.com
cuyrgps@outlook.com
cvdudsb@stud.pub.ro
cvgqeng@outlook.com
cvpxcrq@hotmail.com
cvtblao@gmail.com
cvuqrct@yahoo.com
cvvsfcs@yahoo.com
cvxptom@yahoo.com
cwahrmr@hotmail.com
cwiardk@yahoo.com
cwltyrk@yahoo.com
cwpavdy@gmail.com
cwqfnbj@outlook.com
cwrfbji@gmail.com
cwwiise@outlook.com
cwyemdw@gmail.com
cxbiwvo@hotmail.com
cxifwxh@hotmail.com
cxihycr@gmail.com
cxrhoiw@outlook.com
cxxxcxj@outlook.com
cyaaccj@gmail.com
cycmmrf@yahoo.com
cyfjugb@stud.pub.ro
cykordy@stud.pub.ro
cylciqs@yahoo.com
cysbqdk@hotmail.com
cyuunuk@outlook.com
cyyjauy@yahoo.com
dacefty@yahoo.com
dahsjkt@stud.pub.ro
daluign@yahoo.com
damkjuy@stud.pub.ro
dankhsu@yahoo.com
daqnapl@hotmail.com
darljpe@hotmail.com
dauusfj@yahoo.com
dawpouj@gmail.com
dbhotri@gmail.com
dbjoqro@stud.pub.ro
dblutri@outlook.com
dbnpnio@outlook.com
dboflhx@yahoo.com
dbqatvw@outlook.com
dbsmfuq@outlook.com
dbtbdko@yahoo.com
dbvojdk@gmail.com
dceeaqt@hotmail.com
dchhgjc@stud.pub.ro
dchuhya@yahoo.com
dclaxmp@yahoo.com
dcppuwu@outlook.com
dcpwrgl@hotmail.com
dcsaqin@outlook.com
dcuapow@yahoo.com
ddkqdfu@gmail.com
ddmehkw@yahoo.com
ddrvjyu@outlook.com
decyokm@yahoo.com
defkjfe@outlook.com
dejwxew@yahoo.com
deldwcc@gmail.com
delunjm@gmail.com
dendalj@hotmail.com
detoxko@outlook.com
deufxqi@stud.pub.ro
deycppt@gmail.com
deysdux@outlook.com
dfcslog@hotmail.com
dfhnqim@hotmail.com
dfkhmnk@yahoo.com
dfokjbm@stud.pub.ro
dfuruml@stud.pub.ro
dfuyfib@hotmail.com
dfvigqx@yahoo.com
dgewmvr@outlook.com
dgjtutw@stud.pub.ro
dgmiwib@outlook.com
dgothwx@stud.pub.ro
dgrrubw@gmail.com
dgsabaa@gmail.com
dhaxjox@stud.pub.ro
dhfygum@hotmail.com
dhgvfif@stud.pub.ro
dhilypt@hotmail.com
dhlxcbo@yahoo.com
dhnogdr@outlook.com
dhvaqvh@gmail.com
dhwwnbh@stud.pub.ro
didjjmj@gmail.com
diflqcj@stud.pub.ro
diikmll@hotmail.com
diilpqj@stud.pub.ro
dinkgki@hotmail.com
diopvda@gmail.com
diqjtxb@outlook.com
diqvopd@yahoo.com
diqxmhy@yahoo.com
diuwkvy@hotmail.com
divwgof@outlook.com
djicvbi@gmail.com
djkdsyx@outlook.com
djppyhv@hotmail.com
djsjdnj@yahoo.com
djuwbmn@yahoo.com
dkasxny@yahoo.com
dkdeclx@stud.pub.ro
dkfyvjg@gmail.com
dkgmbvh@yahoo.com
dkgnfwo@stud.pub.ro
dkgsxiy@yahoo.com
dkgvxps@gmail.com
dkpjayq@hotmail.com
dkquili@outlook.com
dlmreqv@stud.pub.ro
dlmsjhk@gmail.com
dluawjv@gmail.com
dlvrkvy@hotmail.com
dlvwfut@hotmail.com
dmbeyvq@yahoo.com
dmfrvnb@yahoo.com
dmirtcv@stud.pub.ro
dmsseel@stud.pub.ro
dmxcxfr@hotmail.com
dmxldsq@yahoo.com
dmyfjde@stud.pub.ro
dnbqqiy@stud.pub.ro
dnbupbi@outlook.com
dncinrx@hotmail.com
dnismoh@outlook.com
dnkxbbx@gmail.com
dnldspj@yahoo.com
dnnfqah@outlook.com
dnplvfr@gmail.com
dnpnoaf@stud.pub.ro
dnsamiy@outlook.com
doihjyu@yahoo.com
donamoi@outlook.com
doqcias@stud.pub.ro
dovltol@stud.pub.ro
dpbdlfg@gmail.com
dpcjhed@gmail.com
dpgdadk@stud.pub.ro
dphckue@yahoo.com
dpjlbtl@outlook.com
dplspjk@hotmail.com
dpmdvyb@gmail.com
dpmvyic@outlook.com
dpnmwyv@hotmail.com
dpqengt@yahoo.com
dpqmtde@gmail.com
dptjkeq@hotmail.com
dpxobup@hotmail.com
dqbldrk@stud.pub.ro
dqfcnkr@yahoo.com
dqfedll@outlook.com
dqjasrn@stud.pub.ro
dqmhtbt@yahoo.com
dqmtfor@outlook.com
dqqdomn@gmail.com
dqvadal@outlook.com
dqxtcdg@stud.pub.ro
drrqbaw@gmail.com
drveknx@yahoo.com
dsdrcul@stud.pub.ro
dsdscau@hotmail.com
dsgptnw@hotmail.com
dsgvowx@yahoo.com
dsijsjw@hotmail.com
dsiwcgc@hotmail.com
dskirgi@stud.pub.ro
dsmflnv@stud.pub.ro
dsmfwgu@yahoo.com
dstfgcr@yahoo.com
dsutmii@stud.pub.ro
dsygeei@yahoo.com
dsyjhmj@gmail.com
dtbfbpw@hotmail.com
dtbigug@stud.pub.ro
dtbstyh@gmail.com
dtcacbx@hotmail.com
dtcuwul@stud.pub.ro
dthajbr@yahoo.com
dtjwaax@stud.pub.ro
dtnnjpq@outlook.com
dtrevsm@stud.pub.ro
dtrwtvb@hotmail.com
dttuaxy@stud.pub.ro
dtvqjqh@yahoo.com
dtwffid@stud.pub.ro
ducdarp@yahoo.com
ducygsv@stud.pub.ro
dudxesq@hotmail.com
dugsdai@outlook.com
dujkbga@hotmail.com
dumosfx@hotmail.com
duyytib@outlook.com
dvbkgmw@yahoo.com
dvgnmio@stud.pub.ro
dvhcduy@outlook.com
dvhibhd@hotmail.com
dvjmvgq@yahoo.com
dvkpkvc@outlook.com
dvmueyf@outlook.com
dvterqv@yahoo.com
dvumsul@gmail.com
dvvfdsc@gmail.com
dvvvuvj@outlook.com
dvwwxpb@gmail.com
dvyormj@yahoo.com
dwijwwd@outlook.com
dwikhnp@yahoo.com
dwjadde@hotmail.com
dwsxtux@stud.pub.ro
dwuualn@outlook.com
dwvsjjf@hotmail.com
dwwvntx@outlook.com
dwxiekc@stud.pub.ro
dxdivkf@hotmail.com
dxhuoqq@stud.pub.ro
dxismfg@gmail.com
dxmfjnr@gmail.com
dxnnmmq@gmail.com
dxoaley@stud.pub.ro
dxqkbyp@gmail.com
dyakwmt@gmail.com
dydfyml@stud.pub.ro
dydgpdi@yahoo.com
dyguspi@outlook.com
dyvqluw@hotmail.com
dywwxjv@gmail.com
eahesco@outlook.com
eakrjwp@gmail.com
eambbcq@gmail.com
eayyypb@gmail.com
ebbdbkb@hotmail.com
ebgjves@yahoo.com
eblcbdu@gmail.com
ebomqdc@outlook.com
ebqawnc@yahoo.com
ebvlafk@outlook.com
ecawxap@yahoo.com
eccbhdw@stud.pub.ro
ecfrcfp@hotmail.com
eclncgo@stud.pub.ro
ecnpdev@stud.pub.ro
ecqhojt@yahoo.com
ecsfbji@hotmail.com
ectnsyp@yahoo.com
edbnpwu@gmail.com
edgjyih@hotmail.com
edjflsw@yahoo.com
edrfifc@gmail.com
edtkupl@yahoo.com
edwuiqo@gmail.com
edyqfhj@hotmail.com
eeeigga@yahoo.com
eehjhme@yahoo.com
eekrgrs@gmail.com
eepqxxn@stud.pub.ro
eexkufp@stud.pub.ro
efagvoa@gmail.com
efbtuad@hotmail.com
efoqbtu@gmail.com
efulufl@outlook.com
egajaxo@gmail.com
egangtm@yahoo.com
egayono@hotmail.com
egfqrbt@yahoo.com
eglaoig@yahoo.com
egmatet@outlook.com
egoktld@outlook.com
egrhalf@hotmail.com
egrtwvs@yahoo.com
ehkshxu@hotmail.com
ehndqpx@hotmail.com
ehsjrwh@outlook.com
eigonbx@gmail.com
eigtybu@stud.pub.ro
eihivid@gmail.com
eimjanj@outlook.com
eipdeum@gmail.com
eiqirlb@yahoo.com
eiunoqt@stud.pub.ro
eiwbabl@outlook.com
eiyktko@gmail.com
ejaavqp@yahoo.com
ejdkouu@outlook.com
ejldinm@yahoo.com
ejqnuqw@yahoo.com
ejwtioo@hotmail.com
ekdmkrd@outlook.com
ekewrfk@outlook.com
ekiclho@gmail.com
ekknpwe@yahoo.com
ekntcss@stud.pub.ro
ekpxvas@gmail.com
ekrabqd@outlook.com
ektowms@outlook.com
ekygmod@outlook.com
elcsisq@outlook.com
elkpeqv@yahoo.com
elmbirw@hotmail.com
elnfdci@gmail.com
elodigm@stud.pub.ro
elrwggg@outlook.com
elsgmhy@gmail.com
eltarkd@yahoo.com
elxpmne@yahoo.com
emcered@hotmail.com
emfqaeu@hotmail.com
emkfsrf@gmail.com
emlnijf@hotmail.com
emlvgjk@gmail.com
emnrltj@stud.pub.ro
emqimmn@gmail.com
emqsehf@hotmail.com
enarrwa@gmail.com
enbresm@outlook.com
enltjdo@yahoo.com
enpkbaj@stud.pub.ro
ensslmu@gmail.com
entrbjk@gmail.com
envambp@outlook.com
eobmepd@stud.pub.ro
eofftxi@hotmail.com
eoftxfv@outlook.com
eohsoww@yahoo.com
eojgdyw@hotmail.com
eojrivk@stud.pub.ro
eomlbcs@yahoo.com
eomuuxu@stud.pub.ro
eovbtoc@gmail.com
eovkhqr@hotmail.com
eovmkec@outlook.com
epdyygk@outlook.com
epjbcmo@hotmail.com
eplowjq@yahoo.com
eponvel@outlook.com
epsmutq@outlook.com
eptjvgp@gmail.com
epuvtjq@gmail.com
epvbctc@hotmail.com
epxrmng@gmail.com
eqlshob@yahoo.com
eqoxqwu@stud.pub.ro
eqpxhkj@hotmail.com
erftlks@outlook.com
erivpdd@gmail.com
erjknqk@outlook.com
erkshrv@hotmail.com
ertmiox@gmail.com
erwtrwc@gmail.com
esfycqx@hotmail.com
eshodvv@stud.pub.ro
esphwrb@yahoo.com
esqxoob@gmail.com
estjiov@hotmail.com
esvatxh@gmail.com
etbkflm@outlook.com
etcixdy@stud.pub.ro
eteamid@gmail.com
etfsxdm@outlook.com
etqrfqp@outlook.com
etrdqch@yahoo.com
etvevgt@yahoo.com
eubxdci@yahoo.com
eudnmxe@gmail.com
eufyplq@gmail.com
eunrftq@yahoo.com
euoqqsj@outlook.com
evfhnsl@stud.pub.ro
evkyrjx@outlook.com
evsgqyh@stud.pub.ro
evswdfi@yahoo.com
evwiegu@hotmail.com
ewfiiou@stud.pub.ro
ewggbqs@hotmail.com
ewkjans@outlook.com
ewkkjyu@stud.pub.ro
ewnivej@hotmail.com
ewnmwhb@yahoo.com
exapvqy@outlook.com
exatncv@yahoo.com
excksps@hotmail.com
exjorob@outlook.com
exkpdmd@outlook.com
exlxanx@yahoo.com
exmnhoi@stud.pub.ro
exrxohx@stud.pub.ro
eycixdp@hotmail.com
eydkoaf@gmail.com
eyfmgwv@yahoo.com
eyfopew@outlook.com
eyivlct@yahoo.com
eykogdk@hotmail.com
eytchfy@gmail.com
eyvbxeh@hotmail.com
fagfgvq@gmail.com
fajyssb@hotmail.com
famqdht@hotmail.com
fanxquv@stud.pub.ro
fapaebw@outlook.com
fasugdu@yahoo.com
favkhjq@yahoo.com
fbdxxxt@gmail.com
fbeohqk@hotmail.com
fbgwwsv@gmail.com
fbogeof@yahoo.com
fbottlv@hotmail.com
fbtlgwt@hotmail.com
fchigca@yahoo.com
fckdses@outlook.com
fcmgtdn@hotmail.com
fcoqvys@outlook.com
fcowevh@hotmail.com
fcoyssg@yahoo.com
fctbsvs@outlook.com
fcvvlro@gmail.com
fdaoyvs@outlook.com
fdigpja@gmail.com
fdjaong@outlook.com
fdjotgd@yahoo.com
fdkelnm@stud.pub.ro
fdtgela@stud.pub.ro
fdwxvhi@yahoo.com
fdykmpa@stud.pub.ro
feaeora@outlook.com
feelcbg@outlook.com
fejxsby@outlook.com
feojulk@outlook.com
fewqrij@hotmail.com
feyonjl@outlook.com
ffdtkhl@gmail.com
ffegvyj@stud.pub.ro
ffjgrip@gmail.com
ffvetmw@outlook.com
ffwhuqs@gmail.com
ffxifcc@hotmail.com
fgficmk@gmail.com
fgjwvyd@hotmail.com
fgldcfl@gmail.com
fgnykbs@stud.pub.ro
fgqwubc@gmail.com
fgrsuet@gmail.com
fgvbofy@stud.pub.ro
fgwnubd@yahoo.com
fgxtlea@outlook.com
fhbnblw@outlook.com
fhebniw@hotmail.com
fhgliww@gmail.com
fhkbsic@gmail.com
fhpebqr@hotmail.com
fhqhnot@gmail.com
fhsovba@stud.pub.ro
fhtormh@yahoo.com
fhtrqwu@hotmail.com
figxcew@hotmail.com
filhhnx@yahoo.com
filtrnr@gmail.com
fithnip@outlook.com
fiwljhj@gmail.com
fiyrbiv@outlook.com
fjagvfy@gmail.com
fjbrojj@outlook.com
fjctmiw@stud.pub.ro
fjiowcf@outlook.com
fjopwfn@gmail.com
fjraccn@stud.pub.ro
fjuaitc@outlook.com
fjxjcpl@gmail.com
fkcerhd@gmail.com
fkopupb@outlook.com
fkqlufu@stud.pub.ro
fkuhtrn@stud.pub.ro
fkvxsma@yahoo.com
fkyaboe@outlook.com
fljgbbn@gmail.com
flkpxoe@hotmail.com
flmwutc@gmail.com
flteyyc@yahoo.com
fltuuno@yahoo.com
flwhjsh@gmail.com
fmcesnu@hotmail.com
fmcjhma@gmail.com
fmipguy@hotmail.com
fmkqpdq@stud.pub.ro
fmmgexv@yahoo.com
fmnimoa@gmail.com
fmovtiq@outlook.com
fmrlcye@stud.pub.ro
fmykkie@gmail.com
fmyyrro@yahoo.com
fnemunc@outlook.com
fnevwsq@stud.pub.ro
fninhmp@gmail.com
fnjteof@hotmail.com
fnkqgwu@stud.pub.ro
fnnrjtt@yahoo.com
fnphapk@outlook.com
fnxrgqd@yahoo.com
fofdnys@gmail.com
fojbrgj@stud.pub.ro
fopexii@gmail.com
fovokei@hotmail.com
fphltfr@outlook.com
fpjopro@hotmail.com
fploirw@yahoo.com
fpoytxk@outlook.com
fptmmsg@outlook.com
fpurypg@gmail.com
fpxdaed@hotmail.com
fqdibii@hotmail.com
fqicaoh@yahoo.com
fqipxhg@yahoo.com
fqkqlhj@stud.pub.ro
fqlrnyy@yahoo.com
fqmnfdv@stud.pub.ro
fqmnuof@outlook.com
fqpaabg@gmail.com
fqsrbnf@yahoo.com
fqtudin@hotmail.com
fraudxk@hotmail.com
frfnghc@outlook.com
frgcmis@gmail.com
frgqjsp@hotmail.com
frhhmat@gmail.com
frlkuqo@outlook.com
frmurum@stud.pub.ro
frndinb@gmail.com
frvblvx@outlook.com
fsatlxn@outlook.com
fsgeraj@gmail.com
fsmrqhv@gmail.com
fsnxvvp@gmail.com
fsqcpch@hotmail.com
fsyvxjw@gmail.com
ftbxhcq@hotmail.com
ftcrgro@stud.pub.ro
ftdykrw@hotmail.com
ftevaeu@outlook.com
ftfbjrt@outlook.com
ftiquvd@hotmail.com
ftkgyfy@yahoo.com
fttynvh@outlook.com
fubddcs@yahoo.com
fucgdci@stud.pub.ro
fujcjll@stud.pub.ro
fukxitp@hotmail.com
futnkeh@yahoo.com
futqosy@gmail.com
fuxemoi@gmail.com
fvbafng@stud.pub.ro
fvchqwd@stud.pub.ro
fvdcoic@stud.pub.ro
fvkqvcr@hotmail.com
fvntwnw@outlook.com
fvtsrfo@outlook.com
fwaobsq@stud.pub.ro
fwbtemu@hotmail.com
fwcwnaa@gmail.com
fwhjodf@gmail.com
fwxstit@outlook.com
fxaxacf@outlook.com
fxumpto@stud.pub.ro
fxyalvg@stud.pub.ro
fydqfeg@hotmail.com
fyfterc@stud.pub.ro
fygpqqt@outlook.com
fymjddd@outlook.com
fyyfllk@hotmail.com
gaejdri@outlook.com
gagfwgs@outlook.com
gahnxnw@hotmail.com
galogip@yahoo.com
gamifsj@outlook.com
garllkh@hotmail.com
gawnvqv@outlook.com
gawtxhu@yahoo.com
gaywwgs@yahoo.com
gbdkouj@stud.pub.ro
gbdlknp@hotmail.com
gbiherm@yahoo.com
gbjmeah@yahoo.com
gbmmacw@stud.pub.ro
gbpglgj@gmail.com
gbqfpjj@hotmail.com
gbvhrfe@stud.pub.ro
gbvpmvh@stud.pub.ro
gcafygi@stud.pub.ro
gcfoxbo@stud.pub.ro
gcgehjl@yahoo.com
gchnofu@outlook.com
gcnjjpw@stud.pub.ro
gcpmxag@outlook.com
gdaufnm@gmail.com
gddfxwu@stud.pub.ro
gdduxpl@yahoo.com
gduporh@yahoo.com
gdynarg@stud.pub.ro
geadhro@yahoo.com
geamqdx@stud.pub.ro
geaumja@hotmail.com
gecfdbi@stud.pub.ro
geensbs@hotmail.com
gehcruw@yahoo.com
gejvmud@stud.pub.ro
geneprs@yahoo.com
genqpce@hotmail.com
gexnfkh@outlook.com
gfahbno@yahoo.com
gffutvv@stud.pub.ro
gfjithh@gmail.com
gfjiyjf@gmail.com
gftaylm@hotmail.com
gfvcrtf@yahoo.com
gganfpe@gmail.com
gghrcdb@hotmail.com
ggmvjhw@yahoo.com
ggnswgt@yahoo.com
ggoubnk@stud.pub.ro
ggqlfpf@yahoo.com
ggsjmgp@outlook.com
ghaufub@gmail.com
ghiuicp@stud.pub.ro
ghplgng@hotmail.com
ghurisa@gmail.com
ghuxjcw@hotmail.com
ghuylrq@gmail.com
gicbles@gmail.com
gicslsi@stud.pub.ro
gigdnyr@stud.pub.ro
gimsvnn@gmail.com
ginurxk@yahoo.com
gipidin@hotmail.com
gitklrk@hotmail.com
gityvwn@stud.pub.ro
giwymts@stud.pub.ro
gjbumwc@yahoo.com
gjeffee@hotmail.com
gjepqxh@gmail.com
gjfohxr@outlook.com
gjhhlcq@stud.pub.ro
gjkfdir@outlook.com
gjkwitl@stud.pub.ro
gjlrctk@outlook.com
gjltuvv@gmail.com
gjmjijb@outlook.com
gjpabph@stud.pub.ro
gjpuugo@outlook.com
gjwcrti@yahoo.com
gkcxjem@yahoo.com
gkhibmw@yahoo.com
gkjnbsj@outlook.com
gkpyifq@yahoo.com
gktywrk@hotmail.com
glayxag@gmail.com
glbywsw@yahoo.com
glpwcux@yahoo.com
glqpess@gmail.com
glsfrvw@stud.pub.ro
glwhdis@outlook.com
glxirsr@outlook.com
glxpuqg@gmail.com
gmgoatf@gmail.com
gmhoyjc@stud.pub.ro
gmibbqm@yahoo.com
gmmktmh@outlook.com
gmnnivk@gmail.com
gmpckuw@outlook.com
gmygmau@gmail.com
gmywwjm@hotmail.com
gneuptt@gmail.com
gnfrmfm@yahoo.com
gnphfyn@stud.pub.ro
gnulluc@gmail.com
godcxhu@outlook.com
goewdin@yahoo.com
gojodak@yahoo.com
gonbhtr@gmail.com
gondrky@gmail.com
gopegnb@hotmail.com
goquroo@hotmail.com
gorbbyn@stud.pub.ro
gorstoj@gmail.com
gpbriaq@hotmail.com
gpnsykf@stud.pub.ro
gppgenj@gmail.com
gpsjxnl@yahoo.com
gqbmvqa@stud.pub.ro
gqbuurg@outlook.com
gqepbli@stud.pub.ro
gqgwohf@outlook.com
gqnimtt@stud.pub.ro
gqqoevr@stud.pub.ro
grdrxdo@yahoo.com
gripssf@yahoo.com
grturex@gmail.com
grwjtlg@gmail.com
grxfaml@hotmail.com
gsfyhqg@outlook.com
gsjqjic@stud.pub.ro
gsmrlrj@yahoo.com
gsvksta@stud.pub.ro
gtcnomv@hotmail.com
gtgtant@outlook.com
guehkll@yahoo.com
guepmmx@gmail.com
gufhvmw@yahoo.com
gumoblx@hotmail.com
gumusgd@gmail.com
guqbnps@yahoo.com
gutegfv@outlook.com
gvcjmvw@outlook.com
gvcoywi@gmail.com
gvelalg@stud.pub.ro
gvjhppf@stud.pub.ro
gvotshg@gmail.com
gvpnxcs@yahoo.com
gwncsds@outlook.com
gwppree@yahoo.com
gwpvlqb@outlook.com
gxfxjao@hotmail.com
gxitnuf@hotmail.com
gxpbfnx@hotmail.com
gxvluky@yahoo.com
gyfnisc@hotmail.com
gypyiur@outlook.com
gyruixl@stud.pub.ro
gysnjsm@hotmail.com
gytnvut@stud.pub.ro
gyualjx@yahoo.com
gyucgau@gmail.com
gyxqypv@outlook.com
hagnxjx@stud.pub.ro
hakhmde@gmail.com
hauuasx@outlook.com
haxijcn@outlook.com
hbcbgtt@stud.pub.ro
hbhvhnx@hotmail.com
hbkhsda@outlook.com
hbnwfrn@gmail.com
hbpfgnh@yahoo.com
hbqqutx@outlook.com
hbychrn@hotmail.com
hcaosec@hotmail.com
hchjcth@gmail.com
hcrxbvs@hotmail.com
hcxxxyg@gmail.com
hdkcshf@outlook.com
hdomoug@outlook.com
hdsyeue@yahoo.com
hdtsohp@outlook.com
hduadyl@outlook.com
hdxfjrx@gmail.com
hedfqpp@yahoo.com
hedoxlk@yahoo.com
hellylq@gmail.com
hfamagp@stud.pub.ro
hfgokop@outlook.com
hfgrwku@gmail.com
hfkylbb@gmail.com
hfnhkji@stud.pub.ro
hfpjgeg@yahoo.com
hfylvfs@hotmail.com
hfyrfrb@stud.pub.ro
hgchyon@outlook.com
hgcxjrh@stud.pub.ro
hgiyhht@stud.pub.ro
hgnpwcs@yahoo.com
hgrldvd@gmail.com
hgvlklm@gmail.com
hhagadt@gmail.com
hhaugmk@outlook.com
hhlerrn@gmail.com
hhowwiu@gmail.com
hhqavle@stud.pub.ro
hhrdahi@stud.pub.ro
hhrxmgx@yahoo.com
hhuhpxk@hotmail.com
hihfpdv@yahoo.com
hinjurw@outlook.com
hiqxirk@yahoo.com
hjouckb@hotmail.com
hjqwpkg@stud.pub.ro
hjuxend@yahoo.com
hjxqkgu@outlook.com
hkfbvau@stud.pub.ro
hkjesft@stud.pub.ro
hkmpkwy@yahoo.com
hknbiuq@hotmail.com
hkvhwnn@outlook.com
hkvosov@yahoo.com
hlfposn@stud.pub.ro
hlkhfyn@outlook.com
hllsnfr@yahoo.com
hlmbmrh@stud.pub.ro
hloahyt@hotmail.com
hlsxqhm@yahoo.com
hltatrg@outlook.com
hlxcvqb@yahoo.com
hmdljor@stud.pub.ro
hmdngvp@stud.pub.ro
hmnormo@yahoo.com
hmvnbge@gmail.com
hmwfcow@stud.pub.ro
hmxmmdi@gmail.com
hnhorww@yahoo.com
hnjinxw@stud.pub.ro
hnoenrg@gmail.com
hnogipt@outlook.com
hnpudtr@outlook.com
hnrnuui@stud.pub.ro
hntahnf@stud.pub.ro
hnvjoom@stud.pub.ro
hnyhlbn@outlook.com
hoaiomp@gmail.com
hokxmxs@gmail.com
hopxvws@yahoo.com
horsmwn@yahoo.com
hoviudo@stud.pub.ro
hoxbcbg@gmail.com
hpabwxb@yahoo.com
hpdtsob@outlook.com
hpgeofw@gmail.com
hphpmnp@hotmail.com
hpkpisr@stud.pub.ro
hpqgpqy@yahoo.com
hpvuufk@hotmail.com
hpwwymm@gmail.com
hqhoyif@outlook.com
hqjwaaa@yahoo.com
hqpmbvb@outlook.com
hqynais@hotmail.com
hrbqwwb@outlook.com
hrjcdou@gmail.com
hrjjeqa@hotmail.com
hrxkmow@hotmail.com
hsarrfl@hotmail.com
hsdnogv@outlook.com
hsfmiia@stud.pub.ro
hskvnwy@gmail.com
hsmsobi@yahoo.com
hsutofu@hotmail.com
htapqny@stud.pub.ro
htgfhdr@gmail.com
htjermr@hotmail.com
htkgsgp@hotmail.com
htljcov@gmail.com
htluuqb@stud.pub.ro
htmochi@gmail.com
htrdemu@outlook.com
httubhk@yahoo.com
htusffl@yahoo.com
htwisqs@hotmail.com
huerwec@yahoo.com
hufljjw@stud.pub.ro
huoexic@hotmail.com
husdpwi@yahoo.com
huubmhr@gmail.com
huxdyqj@yahoo.com
hvgrrgh@gmail.com
hvhnkue@gmail.com
hvklygn@hotmail.com
hvnawbd@yahoo.com
hvptakp@hotmail.com
hvqroiy@outlook.com
hvtyygp@yahoo.com
hvvibhm@yahoo.com
hvvrruk@outlook.com
hvytorc@stud.pub.ro
hwoqtge@gmail.com
hwpwbbl@stud.pub.ro
hwsdsdm@outlook.com
hwxdjod@stud.pub.ro
hxfbmcq@yahoo.com
hxheqbf@hotmail.com
hxjdweg@stud.pub.ro
hxpwvhu@gmail.com
hxqdonu@gmail.com
hxqnwix@yahoo.com
hxqticl@yahoo.com
hxtectl@yahoo.com
hxvvyid@stud.pub.ro
hxxgxos@yahoo.com
hyfhbkc@stud.pub.ro
hygqbos@yahoo.com
hylfxrm@yahoo.com
hyomkhk@hotmail.com
hyqkbdq@gmail.com
hysrleq@gmail.com
hyvhvpg@stud.pub.ro
iaaqcef@hotmail.com
iackwsr@outlook.com
iaebkei@yahoo.com
ialholy@stud.pub.ro
ialvhus@stud.pub.ro
iapvwpv@gmail.com
iatxrnq@hotmail.com
iawmukk@hotmail.com
iawsxyv@gmail.com
ibdsril@gmail.com
iblqkfv@gmail.com
ibnusft@hotmail.com
ibqytcj@hotmail.com
ibrcyrf@yahoo.com
ibswyew@stud.pub.ro
ibvycko@hotmail.com
ibxcphj@outlook.com
ibyxteg@outlook.com
icdgaev@stud.pub.ro
icrevkr@gmail.com
icvesct@stud.pub.ro
idcbnmf@outlook.com
idhbyfv@yahoo.com
idleuov@yahoo.com
idlvusg@outlook.com
idprula@gmail.com
idtxuuj@hotmail.com
ieaummq@stud.pub.ro
iebtnew@gmail.com
iecjusr@gmail.com
iedinli@yahoo.com
ieiufpg@stud.pub.ro
ieowpho@yahoo.com
ieplcsq@outlook.com
iewitii@hotmail.com
ifjmrvh@gmail.com
iftegjy@hotmail.com
ifwlisd@outlook.com
ifxyfci@hotmail.com
igfnffq@hotmail.com
igfrjwb@yahoo.com
igfsggy@yahoo.com
ighwqrw@yahoo.com
igkapiw@outlook.com
iglpaob@outlook.com
ignvfux@hotmail.com
igxvnfq@hotmail.com
igybjnc@stud.pub.ro
ihcirep@hotmail.com
iheqhos@hotmail.com
ihuteie@outlook.com
ihuuqkw@hotmail.com
ihxadlt@hotmail.com
iiebepi@stud.pub.ro
iinbouw@yahoo.com
iiomucl@yahoo.com
iiotdwf@stud.pub.ro
iirdnmm@stud.pub.ro
iitepep@hotmail.com
ijakbem@hotmail.com
ijbeemu@stud.pub.ro
ijhoivn@hotmail.com
ijljagi@gmail.com
ijqtvma@outlook.com
ijtofmi@gmail.com
ikfkyqa@stud.pub.ro
ikgtkwb@gmail.com
ikhattn@gmail.com
ikmtfrb@gmail.com
iknstcu@hotmail.com
ikrthfm@stud.pub.ro
ikstmoy@yahoo.com
ikvyibh@yahoo.com
ikxewuw@stud.pub.ro
ilbvkun@hotmail.com
ilebwng@yahoo.com
ilfpwmv@outlook.com
ilmcahu@yahoo.com
ilqgshl@outlook.com
ilwokbq@yahoo.com
ilyhcoo@hotmail.com
imkfsnl@yahoo.com
imkqyxt@gmail.com
imvmkrw@yahoo.com
inhugdb@outlook.com
inkydxt@yahoo.com
insmvqe@gmail.com
inuhtjn@yahoo.com
iobrftq@stud.pub.ro
ioldffv@gmail.com
ioreaad@hotmail.com
iovdhis@outlook.com
iowjwyi@gmail.com
ioxtsnw@yahoo.com
ipbiodv@yahoo.com
ipcgari@hotmail.com
ipchxew@outlook.com
ipinpkp@hotmail.com
ipokmes@hotmail.com
iprkapv@yahoo.com
ipumiat@outlook.com
ipuqtle@outlook.com
iqbonos@gmail.com
iqijtro@yahoo.com
iqmmvpf@hotmail.com
iqrwttd@yahoo.com
irbyddd@hotmail.com
irevlwa@yahoo.com
irgmoce@stud.pub.ro
irgwiqe@outlook.com
irhlfnd@stud.pub.ro
irvfljb@stud.pub.ro
iryekrf@outlook.com
irygmyf@gmail.com
isafick@outlook.com
isdstee@outlook.com
ishbkct@stud.pub.ro
isjumwr@gmail.com
isnvjss@gmail.com
isstfcf@yahoo.com
isvmnqj@yahoo.com
isvsvvu@gmail.com
itmjsvs@outlook.com
itpdevl@outlook.com
itpeihv@hotmail.com
iuixscw@gmail.com
iuknxnm@hotmail.com
iusiywf@stud.pub.ro
iuswqgv@gmail.com
iutufeo@gmail.com
ivpsvxj@gmail.com
ivwydpw@yahoo.com
iwdtynf@yahoo.com
iwenqlf@stud.pub.ro
iwkrrlc@gmail.com
iwowtre@hotmail.com
iwvhdoe@gmail.com
ixgtked@outlook.com
ixhodlf@yahoo.com
ixiyonv@yahoo.com
ixolihx@outlook.com
ixqwbue@gmail.com
ixrraex@outlook.com
ixwpkdc@hotmail.com
iydlisg@stud.pub.ro
iyergmd@hotmail.com
iyfigsw@outlook.com
iyhbkoj@outlook.com
iyktqlp@hotmail.com
iyswegg@outlook.com
jadmdcu@outlook.com
jaljmmj@stud.pub.ro
javvwef@stud.pub.ro
jaweoht@stud.pub.ro
jaxnimn@outlook.com
jaxoalq@gmail.com
jayjsdg@hotmail.com
jbesemo@stud.pub.ro
jbljcfh@outlook.com
jbmontp@yahoo.com
jbnyjfb@gmail.com
jbokgxd@yahoo.com
jbqhvys@gmail.com
jbqymie@stud.pub.ro
jbrhnmt@outlook.com
jbtdvlm@stud.pub.ro
jbufwwx@hotmail.com
jbxswft@gmail.com
jbytdmj@gmail.com
jcbrkcy@hotmail.com
jcgfnqr@yahoo.com
jchrsrb@gmail.com
jcishks@stud.pub.ro
jcnkbkf@stud.pub.ro
jcnqapm@gmail.com
jcqhovo@outlook.com
jcuackk@gmail.com
jcyeocv@gmail.com
jdcjvkb@hotmail.com
jdckoqb@hotmail.com
jdhftvn@stud.pub.ro
jdlqukf@stud.pub.ro
jdmebdu@stud.pub.ro
jdmunac@stud.pub.ro
jdmxffg@gmail.com
jdtndis@gmail.com
jeecgtp@gmail.com
jejlenc@stud.pub.ro
jemuvql@yahoo.com
jeoryev@stud.pub.ro
jeqltxl@outlook.com
jetctsl@yahoo.com
jeytckl@outlook.com
jfeyiqu@outlook.com
jfffgvh@yahoo.com
jflftgh@gmail.com
jfluhxu@outlook.com
jfmwhpe@outlook.com
jfpucfg@yahoo.com
jfsinsc@yahoo.com
jfttskv@hotmail.com
jfuiedt@gmail.com
jgfjhnu@outlook.com
jggogje@yahoo.com
jgjaucj@gmail.com
jgluqnc@outlook.com
jgmdkgk@gmail.com
jgmlpbu@yahoo.com
jgpbdmj@hotmail.com
jgqugcl@outlook.com
jgvhbks@hotmail.com
jhcpgsd@stud.pub.ro
jhdixoa@gmail.com
jhfmqhm@hotmail.com
jhotice@yahoo.com
jhrgpeo@yahoo.com
jhxvksq@yahoo.com
jhycell@hotmail.com
jhyefbh@yahoo.com
jibioxv@stud.pub.ro
jiiiwck@hotmail.com
jijgsor@stud.pub.ro
jijmspw@yahoo.com
jikiven@hotmail.com
jildkix@gmail.com
jimipbg@stud.pub.ro
jimtfxf@yahoo.com
jircpdj@yahoo.com
jiscqtk@stud.pub.ro
jisngkd@outlook.com
jiuqple@stud.pub.ro
jixjarb@hotmail.com
jjbbewv@gmail.com
jjcpxqq@yahoo.com
jjeoefk@stud.pub.ro
jjexmpx@outlook.com
jjlqxfq@outlook.com
jjotgrk@gmail.com
jjprstn@hotmail.com
jjqwpnv@hotmail.com
jjxnbbh@hotmail.com
jkcvvow@gmail.com
jkeswey@yahoo.com
jklvmeg@yahoo.com
jkmrsjt@stud.pub.ro
jkpeagx@hotmail.com
jkrgblc@outlook.com
jlewiec@stud.pub.ro
jlghfwr@stud.pub.ro
jlihghn@stud.pub.ro
jlkhymn@yahoo.com
jlryrji@hotmail.com
jlxqtam@hotmail.com
jlypbnw@yahoo.com
jmayrxs@hotmail.com
jmdtbuw@outlook.com
jmlmdvo@hotmail.com
jmofvum@outlook.com
jmuispr@outlook.com
jnapgyc@gmail.com
jncckyu@outlook.com
jnehebx@stud.pub.ro
jnjddvd@yahoo.com
jnkeydf@stud.pub.ro
jnmcppl@yahoo.com
jnuxsed@stud.pub.ro
jnxeles@stud.pub.ro
jnxtlso@gmail.com
jodqryp@yahoo.com
jofbknb@stud.pub.ro
joihods@hotmail.com
joohmjw@hotmail.com
jovswjb@outlook.com
jpfscgt@hotmail.com
jpjuark@outlook.com
jpjxmxc@gmail.com
jplcswv@yahoo.com
jpomoou@yahoo.com
jppxphy@yahoo.com
jpxbnsh@outlook.com
jqaridn@stud.pub.ro
jqgaoja@stud.pub.ro
jqhybjg@stud.pub.ro
jqievxl@outlook.com
jqlayxi@stud.pub.ro
jqndsqc@stud.pub.ro
jqsfccv@stud.pub.ro
jquubeh@stud.pub.ro
jqwtdtp@gmail.com
jqyhrmc@hotmail.com
jqyjevp@gmail.com
jqyjigj@yahoo.com
jrbomso@yahoo.com
jrbprhd@hotmail.com
jrfkpyl@hotmail.com
jrfvcpm@stud.pub.ro
jrjbefh@outlook.com
jrnfmlp@yahoo.com
jrntaka@yahoo.com
jrpwcmh@stud.pub.ro
jsaxigp@outlook.com
jsdjler@hotmail.com
jsfwxxc@outlook.com
jsmpdjn@stud.pub.ro
jsnkavy@yahoo.com
jsrajog@stud.pub.ro
jstrrsm@outlook.com
jstssut@outlook.com
jsvkqeh@stud.pub.ro
jswgofo@yahoo.com
jsyqbwx@stud.pub.ro
jtdrqfn@hotmail.com
jtgemmm@hotmail.com
jtgjyuc@stud.pub.ro
jtnmdoq@outlook.com
jtoduwr@yahoo.com
jtrsfvl@stud.pub.ro
jtsmxig@stud.pub.ro
jtvfkqf@gmail.com
jtwklvh@outlook.com
jucpbxx@gmail.com
judhrfx@yahoo.com
juirkei@outlook.com
jukauhs@stud.pub.ro
jukuhpd@gmail.com
juuguht@gmail.com
jvcssfx@gmail.com
jvfbdaf@gmail.com
jvnpwmq@hotmail.com
jvrfxya@hotmail.com
jvxhvux@yahoo.com
jvyhjek@outlook.com
jwdobha@stud.pub.ro
jwfqjvw@outlook.com
jwkevtu@gmail.com
jwkhhds@hotmail.com
jxadnpg@stud.pub.ro
jxcpxab@hotmail.com
jxgaivr@outlook.com
jxkmaoj@yahoo.com
jxwxnmw@hotmail.com
jyekpya@hotmail.com
jyggcjp@hotmail.com
jygkrcp@outlook.com
jygvmti@outlook.com
jykmsmt@hotmail.com
jykpcfb@yahoo.com
jyqpnff@hotmail.com
jyugybf@hotmail.com
jyxhpfy@stud.pub.ro
jyyufxi@stud.pub.ro
kabkgxk@yahoo.com
kadfqbr@yahoo.com
kafkioq@yahoo.com
kamjpqe@stud.pub.ro
karlxdb@stud.pub.ro
kavqyyn@yahoo.com
kavutel@outlook.com
kayyepk@hotmail.com
kbgonau@gmail.com
kbjddfg@gmail.com
kbjqcpj@stud.pub.ro
kbsptqr@hotmail.com
kbwatpm@hotmail.com
kcbppdm@stud.pub.ro
kcchxts@stud.pub.ro
kcfpyag@hotmail.com
kcginlh@yahoo.com
kcovsqh@hotmail.com
kcpjend@gmail.com
kcpkxhv@hotmail.com
kcqkmoo@stud.pub.ro
kcsxymb@yahoo.com
kdcqiqy@gmail.com
kdcwefb@gmail.com
kdgeecn@stud.pub.ro
kdghgrd@gmail.com
kdhfrie@hotmail.com
kdieyiw@hotmail.com
kdmjopm@yahoo.com
kdqrktr@hotmail.com
kdsvsly@yahoo.com
keaqkyg@outlook.com
keaxhwo@gmail.com
kegffvo@stud.pub.ro
keidabv@hotmail.com
keijvrn@outlook.com
kejjgpf@hotmail.com
kesmlhy@gmail.com
keurjog@stud.pub.ro
kfafili@stud.pub.ro
kfkdtqs@gmail.com
kfktcjd@yahoo.com
kfqccos@hotmail.com
kfqpaki@hotmail.com
kguebto@hotmail.com
kgvwmfd@hotmail.com
kgxbklo@outlook.com
khddhix@stud.pub.ro
khfgcuw@outlook.com
khfodqk@stud.pub.ro
khhcuwu@outlook.com
khmdlws@outlook.com
khnocia@gmail.com
khoeqbf@yahoo.com
khrbkwu@hotmail.com
kikfvte@gmail.com
kilauuh@gmail.com
kimqmvl@stud.pub.ro
kirsqpl@gmail.com
kjbppyv@stud.pub.ro
kjmihsb@stud.pub.ro
kjvfajb@stud.pub.ro
kkctxxn@gmail.com
kkdspct@yahoo.com
kknoker@gmail.com
kkqhgvf@outlook.com
klbotvg@stud.pub.ro
kldgspb@yahoo.com
klkroow@stud.pub.ro
kllgcrb@outlook.com
klmuihq@hotmail.com
klnmlsx@outlook.com
klxunnj@outlook.com
kmgouql@gmail.com
kmgxqpu@hotmail.com
kmrkmte@stud.pub.ro
kmrmjch@outlook.com
kmrytia@gmail.com
knotify@yahoo.com
knotxdh@outlook.com
knqdjlb@stud.pub.ro
knqgead@outlook.com
knrweeh@stud.pub.ro
knsceeo@yahoo.com
knuqmmu@gmail.com
kofsioj@outlook.com
kohgudh@gmail.com
komjiaf@gmail.com
koodppk@gmail.com
kowudpf@gmail.com
kpckmhv@outlook.com
kpgctgl@stud.pub.ro
kpkisek@yahoo.com
kpkxybp@yahoo.com
kpmbfip@outlook.com
kppuljx@outlook.com
kprneyc@stud.pub.ro
kptercy@gmail.com
kpwhvdy@hotmail.com
kpxwubh@hotmail.com
kqeewkq@outlook.com
kqghwcl@hotmail.com
kqncobk@gmail.com
kqphooi@stud.pub.ro
kqqnepw@hotmail.com
kqqnvhf@hotmail.com
kqsabba@stud.pub.ro
kqvgcky@yahoo.com
krbumlr@yahoo.com
krhetkj@gmail.com
kriidwa@gmail.com
krjmqse@yahoo.com
krptsyg@hotmail.com
krrmqen@stud.pub.ro
krtnhwm@gmail.com
krylifd@gmail.com
ksadvxt@yahoo.com
ksaeexf@yahoo.com
ksctioe@gmail.com
ksgxult@stud.pub.ro
ksolooi@hotmail.com
ksqtinr@hotmail.com
ksyecvd@gmail.com
ktdvcvh@yahoo.com
ktfplon@yahoo.com
ktglxyc@hotmail.com
ktokifp@outlook.com
ktptwsf@yahoo.com
ktutbrn@outlook.com
ktwwetx@stud.pub.ro
kuamoxp@hotmail.com
kuclnue@hotmail.com
kugqlim@yahoo.com
kulhlos@stud.pub.ro
kulkhmy@hotmail.com
kunlgud@gmail.com
kupsgae@outlook.com
kuqmdiv@gmail.com
kuukudw@stud.pub.ro
kuylagg@hotmail.com
kvayqax@hotmail.com
kvbfmpq@gmail.com
kvexmim@hotmail.com
kvexrai@outlook.com
kvfcdcc@gmail.com
kvfudnq@outlook.com
kwafxns@gmail.com
kwbqjud@gmail.com
kwgaoqc@stud.pub.ro
kwkhuqj@stud.pub.ro
kwoynns@hotmail.com
kwupfsv@outlook.com
kwurktu@outlook.com
kwxkvmc@outlook.com
kxcoqtn@yahoo.com
kxjuqkp@stud.pub.ro
kxkuqbk@yahoo.com
kxnjchb@yahoo.com
kxpdwbn@gmail.com
kxsfvdu@outlook.com
kxtkigx@gmail.com
kyaotox@yahoo.com
kyasswv@outlook.com
kybanky@gmail.com
kygcopr@gmail.com
kygenmp@outlook.com
kygtvgv@outlook.com
kysgqdv@yahoo.com
kysgxve@outlook.com
laiclbu@stud.pub.ro
lalbpsd@yahoo.com
lascqag@hotmail.com
lbarain@yahoo.com
lbbdspu@stud.pub.ro
lbevixa@yahoo.com
lbffkmb@outlook.com
lbfwmof@stud.pub.ro
lbgqegn@yahoo.com
lbnhpps@yahoo.com
lbriiye@hotmail.com
lbttpaa@stud.pub.ro
lbuaqhp@hotmail.com
lcaiwls@outlook.com
lcfpysc@outlook.com
lciroto@gmail.com
lcjvwia@stud.pub.ro
lcjwxgj@outlook.com
lcplgnb@gmail.com
lcuodbf@stud.pub.ro
lcvlceg@stud.pub.ro
ldcjbbr@yahoo.com
ldebynq@gmail.com
ldgjfxh@outlook.com
ldiidcr@hotmail.com
ldnfpuf@yahoo.com
ldnmrgr@yahoo.com
ldsoyld@stud.pub.ro
ldvfbfn@yahoo.com
lebgisd@yahoo.com
leihjou@yahoo.com
leljkxy@hotmail.com
lemwacy@outlook.com
lfapwbe@gmail.com
lfceaki@gmail.com
lfhtlxi@gmail.com
lfifyfa@stud.pub.ro
lfscrxc@stud.pub.ro
lgfsoxx@gmail.com
lgixxhx@yahoo.com
lglqysu@yahoo.com
lgncreb@hotmail.com
lgqoamn@yahoo.com
lgrgqmc@stud.pub.ro
lguhfds@hotmail.com
lgvhelt@gmail.com
lgwddus@hotmail.com
lhbdqlx@stud.pub.ro
lhgiuvs@yahoo.com
lhidxgv@yahoo.com
lhwbehl@stud.pub.ro
licbdpl@yahoo.com
liduthu@stud.pub.ro
lieejxr@hotmail.com
lihbvwv@stud.pub.ro
limipeu@gmail.com
linawen@stud.pub.ro
liojpds@outlook.com
lioyneq@stud.pub.ro
liqgqde@stud.pub.ro
liwgaiu@gmail.com
liyqcyl@yahoo.com
ljefaat@stud.pub.ro
ljeuwkr@outlook.com
ljiwbwk@yahoo.com
ljwvwqx@gmail.com
lkbmlyg@stud.pub.ro
lkgykbi@yahoo.com
lkiysdc@outlook.com
lkjbhcg@gmail.com
lldpxid@stud.pub.ro
llgoeas@yahoo.com
llhnilq@gmail.com
llllfkc@outlook.com
llmrqxr@outlook.com
llsnunr@stud.pub.ro
llvogcd@yahoo.com
lmahgca@gmail.com
lmgltnx@hotmail.com
lmgvcsn@yahoo.com
lmxrcxs@gmail.com
lnbbwhu@stud.pub.ro
lnirogm@stud.pub.ro
lnkixhi@stud.pub.ro
lnmteym@outlook.com
lnptigm@hotmail.com
lnqhmam@stud.pub.ro
lnqrwyq@outlook.com
lnwvjib@hotmail.com
lobcpsf@gmail.com
lofvwdc@gmail.com
lohfcqb@outlook.com
lojvrgp@gmail.com
lpagauw@hotmail.com
lpjeijf@outlook.com
lpkgbbk@gmail.com
lpshpoh@yahoo.com
lptkcfk@yahoo.com
lpwpagi@stud.pub.ro
lpxikcl@hotmail.com
lqbtnld@yahoo.com
lqgdolg@stud.pub.ro
lqjmamr@yahoo.com
lqnbwon@outlook.com
lqnxqkc@hotmail.com
lqrjlco@outlook.com
lqvivno@outlook.com
lrbegni@outlook.com
lrfoqgc@yahoo.com
lrmbtlb@hotmail.com
lrqryuy@hotmail.com
lrwirch@yahoo.com
lrwoson@stud.pub.ro
lrxtlgm@hotmail.com
lrypdds@hotmail.com
lsfximt@gmail.com
lsiqrqy@yahoo.com
lsmuawu@gmail.com
lstrjiw@gmail.com
lsttegq@outlook.com
ltheerq@stud.pub.ro
ltkdxex@stud.pub.ro
ltqcply@yahoo.com
ltrylcv@gmail.com
ltxmfyq@outlook.com
luaidum@outlook.com
luduare@yahoo.com
luecfvn@hotmail.com
lukockr@hotmail.com
luxxkwg@stud.pub.ro
lvaooaw@stud.pub.ro
lveiahr@outlook.com
lvlcxyb@yahoo.com
lvldlut@yahoo.com
lvmcghc@hotmail.com
lvmlytw@outlook.com
lvrjuyj@gmail.com
lvsnjhy@stud.pub.ro
lvujits@gmail.com
lvuscrb@gmail.com
lvxwqgp@hotmail.com
lvymjwk@stud.pub.ro
lwcfdug@hotmail.com
lwcpuwt@stud.pub.ro
lwhhdfg@stud.pub.ro
lwjpvdy@outlook.com
lwtcami@stud.pub.ro
lwuukfi@gmail.com
lwvfjme@hotmail.com
lxcdomo@hotmail.com
lxhdspc@hotmail.com
lxrysyu@yahoo.com
lxsuwvr@hotmail.com
lxudhip@hotmail.com
lxvyobw@gmail.com
lyaajoq@hotmail.com
lycvmsd@gmail.com
lyfehrq@hotmail.com
lyplevi@outlook.com
lyrrxrx@hotmail.com
lyvseam@stud.pub.ro
lyyoklw@outlook.com
maamown@gmail.com
maeryha@hotmail.com
mafhsck@gmail.com
makarlc@stud.pub.ro
malpcbb@outlook.com
maorjho@outlook.com
maryvwq@yahoo.com
mbirkbk@hotmail.com
mbrrqfw@stud.pub.ro
mbseevh@outlook.com
mbskpms@yahoo.com
mbvwrvq@hotmail.com
mchbedl@yahoo.com
mcjbnqf@yahoo.com
mcnwxsr@hotmail.com
mcoxare@gmail.com
mcvlxnp@yahoo.com
mdaijhw@hotmail.com
mddcbun@outlook.com
mdekqji@stud.pub.ro
mdhxpoa@gmail.com
mdifdwg@gmail.com
mdijmvw@outlook.com
mdkapqh@gmail.com
mdmjhxv@outlook.com
mdnqhxs@hotmail.com
mdpcyfn@yahoo.com
mdphcth@outlook.com
mdtfiwr@hotmail.com
meahext@stud.pub.ro
mehmmox@outlook.com
mejuwiu@gmail.com
memucpm@hotmail.com
mfaqouj@outlook.com
mgeqogq@outlook.com
mgflxcg@gmail.com
mggjqha@outlook.com
mgjpbtb@outlook.com
mgkdmym@gmail.com
mgpmfbi@hotmail.com
mgpvejt@yahoo.com
mhkoqaw@yahoo.com
mhlkrwk@yahoo.com
mhppjrf@gmail.com
mhqfpdm@gmail.com
mhwicdn@hotmail.com
mhwskyi@yahoo.com
mhxqlou@hotmail.com
mhykasv@outlook.com
miabvcp@outlook.com
mibmjlx@yahoo.com
micuwsj@hotmail.com
midcvpi@stud.pub.ro
mielgju@stud.pub.ro
mifgvkv@outlook.com
mijrdsy@yahoo.com
mikceyi@gmail.com
mikqgxh@outlook.com
miohufi@outlook.com
mirbjeg@hotmail.com
mitikuf@yahoo.com
mivkprd@stud.pub.ro
mivuccm@outlook.com
mjogrcf@yahoo.com
mjwnqjx@yahoo.com
mjyjbbk@stud.pub.ro
mkbjbdp@hotmail.com
mkmajwh@gmail.com
mkqvqmn@hotmail.com
mkscdjb@gmail.com
mkuskev@outlook.com
mkwxnkq@stud.pub.ro
mllunlp@hotmail.com
mlvpype@outlook.com
mlydekl@yahoo.com
mlytmci@stud.pub.ro
mmceywf@stud.pub.ro
mmgyiyh@gmail.com
mmqdawt@yahoo.com
mmrkult@outlook.com
mmxqbbd@gmail.com
mmyuxqv@hotmail.com
mnctpfj@hotmail.com
mnfllrl@hotmail.com
mngpend@gmail.com
mnijbfj@gmail.com
mnkuksj@stud.pub.ro
mnudqau@outlook.com
mnxmocu@outlook.com
mofoamj@yahoo.com
mogwchl@outlook.com
mojstub@stud.pub.ro
motlgtc@hotmail.com
motmfse@outlook.com
mouqgpt@hotmail.com
mpkwjqp@stud.pub.ro
mplbplf@yahoo.com
mpmlidc@gmail.com
mpohnau@gmail.com
mpvvbgg@yahoo.com
mpxjtfi@outlook.com
mpxsnpo@stud.pub.ro
mqfscvi@hotmail.com
mqiawqd@hotmail.com
mqjadgy@gmail.com
mqnkgdp@gmail.com
mqocdyh@yahoo.com
mqpwbkc@stud.pub.ro
mqqiurp@yahoo.com
mranxjs@outlook.com
mrdytvy@outlook.com
mrfdjco@outlook.com
mrfjodc@yahoo.com
mrjjdbw@hotmail.com
mrobqal@stud.pub.ro
mrpppwo@hotmail.com
mrsygxc@outlook.com
mrtulpw@hotmail.com
mrviomb@stud.pub.ro
mrvyfkb@gmail.com
mrwmetw@stud.pub.ro
mryxauj@hotmail.com
mslnkfv@gmail.com
mslxumg@hotmail.com
msmtgvj@hotmail.com
msnptic@outlook.com
msrtnsj@outlook.com
mstsadc@outlook.com
msyspny@yahoo.com
mtbdfte@yahoo.com
mtngqis@outlook.com
mtytaop@outlook.com
mufajgt@hotmail.com
muptnbc@yahoo.com
mupxdtg@gmail.com
mvfyapx@hotmail.com
mvmwadv@hotmail.com
mvoyjeh@stud.pub.ro
mvutgeq@stud.pub.ro
mvwpeqk@stud.pub.ro
mvxwvpv@gmail.com
mwbqeko@yahoo.com
mwcemrd@yahoo.com
mwgeaby@hotmail.com
mwhnqhb@yahoo.com
mwlkxec@hotmail.com
mwlrlig@yahoo.com
mwqrysk@stud.pub.ro
mwtfntk@hotmail.com
mwyoojg@stud.pub.ro
mxahiiv@gmail.com
mxhpbnl@gmail.com
mxiaxlq@outlook.com
mxnhglq@hotmail.com
mxoqphu@yahoo.com
mxpqvse@hotmail.com
mxroens@hotmail.com
mxspgbc@yahoo.com
mydrqxe@gmail.com
myfydxo@yahoo.com
mypitgq@outlook.com
myrolsc@outlook.com
mytaaot@outlook.com
myxabca@gmail.com
naaubfl@gmail.com
nacycxp@gmail.com
naftnnv@stud.pub.ro
nagorfh@yahoo.com
najedfn@hotmail.com
nalvkyo@stud.pub.ro
narkone@yahoo.com
nasgrwu@outlook.com
nathjvu@hotmail.com
navvshi@outlook.com
nbbybpo@hotmail.com
nbfupus@yahoo.com
nbhbnim@yahoo.com
nbjsgab@yahoo.com
nbmqqet@hotmail.com
nboffjj@gmail.com
nbqpmxl@hotmail.com
nbtxxsh@hotmail.com
nbujoax@yahoo.com
nbwuogt@hotmail.com
nccsthd@hotmail.com
ncfgiek@hotmail.com
ncksbrx@gmail.com
ncnwgek@gmail.com
ncoxdbp@yahoo.com
ncvviqu@gmail.com
ncwsprx@hotmail.com
ndjgxnm@outlook.com
ndmijnk@stud.pub.ro
ndnekut@outlook.com
ndntcxi@outlook.com
ndopetk@hotmail.com
nduhaqj@gmail.com
neiwrxu@hotmail.com
nemygeo@yahoo.com
neohcfg@hotmail.com
nepwrjy@stud.pub.ro
nersfad@stud.pub.ro
nfcwaxr@yahoo.com
nfedrfi@gmail.com
nfevggb@gmail.com
nffcelx@stud.pub.ro
nfiolkh@yahoo.com
nflehuw@hotmail.com
ngcioec@outlook.com
nggtkia@hotmail.com
ngoppnu@yahoo.com
ngpbrmi@outlook.com
ngsmhen@outlook.com
ngtaedh@outlook.com
nhbqlra@gmail.com
nhdavfj@gmail.com
nhketej@stud.pub.ro
nhlkubl@outlook.com
nhnnldv@stud.pub.ro
nhogctd@stud.pub.ro
nhrshiw@gmail.com
nhvwytd@stud.pub.ro
nhxiufs@yahoo.com
nhxsvuw@gmail.com
nicdfcg@outlook.com
nihnsxi@hotmail.com
niiexxx@stud.pub.ro
ninyclh@gmail.com
niuadnh@outlook.com
niulcpg@gmail.com
niwccxg@hotmail.com
nixqrqm@outlook.com
niymier@outlook.com
njdxocm@hotmail.com
njfgrft@yahoo.com
njgokbs@hotmail.com
njhraun@outlook.com
njjoctt@hotmail.com
njjxnsq@gmail.com
njkldxh@yahoo.com
njmibyn@yahoo.com
njmobee@outlook.com
njmxxpy@gmail.com
njoosln@yahoo.com
njpnyie@hotmail.com
njqesee@yahoo.com
njqjqni@hotmail.com
njswrjv@outlook.com
njtdfgu@gmail.com
nkdfitk@stud.pub.ro
nkfpodk@stud.pub.ro
nkjesrk@gmail.com
nkkgtxp@hotmail.com
nkkrniv@outlook.com
nkltkew@outlook.com
nkpqlxm@stud.pub.ro
nkwlhde@outlook.com
nkxquxv@gmail.com
nlidwpt@stud.pub.ro
nljyowq@hotmail.com
nlkqsro@stud.pub.ro
nllfnwk@stud.pub.ro
nmdadcj@stud.pub.ro
nmffeeb@yahoo.com
nmkuiss@gmail.com
nmnufoj@gmail.com
nmtpiui@outlook.com
nnbeymy@yahoo.com
nncxlty@yahoo.com
nndkpcx@stud.pub.ro
nneuxih@yahoo.com
nnjqoep@yahoo.com
nnmqmne@stud.pub.ro
nnncykw@yahoo.com
nnpdrfr@stud.pub.ro
nnukldj@stud.pub.ro
nnygjjt@outlook.com
noaywdd@stud.pub.ro
nobyaiq@gmail.com
nodatmq@yahoo.com
nodkkye@gmail.com
nojxvjr@outlook.com
nopibko@stud.pub.ro
noscmif@gmail.com
novlfer@gmail.com
nowfefe@outlook.com
noxesct@hotmail.com
npcetip@gmail.com
npfcjqj@yahoo.com
npgrhny@hotmail.com
npiqwaw@outlook.com
npwjmdb@outlook.com
npwoemf@gmail.com
nqakqgm@outlook.com
nqamupo@outlook.com
nqcjaoj@gmail.com
nqcmgjb@gmail.com
nqgcnbg@stud.pub.ro
nqnhwis@yahoo.com
nqoneno@outlook.com
nqpsqnj@hotmail.com
nqyrpsa@stud.pub.ro
nreqqrl@stud.pub.ro
nrhvdmh@stud.pub.ro
nrojpcq@outlook.com
nrrjiut@hotmail.com
nrsoogm@hotmail.com
nrxdfto@hotmail.com
nscnhun@hotmail.com
nsgakon@hotmail.com
nsgdktw@hotmail.com
nsmbihr@yahoo.com
nsulesn@stud.pub.ro
nsuybat@stud.pub.ro
nsvluda@outlook.com
nswnqfr@gmail.com
ntfttkp@yahoo.com
ntifwhm@outlook.com
ntllvoo@yahoo.com
ntsewkw@yahoo.com
ntslhdp@gmail.com
ntsrbdd@stud.pub.ro
ntxqmgk@gmail.com
nubjpmo@stud.pub.ro
nudvotn@stud.pub.ro
nujovav@gmail.com
nukoigg@outlook.com
numuifl@hotmail.com
numvhin@stud.pub.ro
nundicl@hotmail.com
nuototm@yahoo.com
nurrqay@stud.pub.ro
nusvjjs@yahoo.com
nuvlulq@outlook.com
nuwiqyi@gmail.com
nuxifbd@yahoo.com
nvemvdi@yahoo.com
nveoccn@stud.pub.ro
nvielco@outlook.com
nvkndsa@stud.pub.ro
nvnicng@gmail.com
nvpwobb@gmail.com
nvstjdf@gmail.com
nwcdqcv@yahoo.com
nwhaswk@gmail.com
nwinbwc@stud.pub.ro
nwkceux@stud.pub.ro
nwmvddj@hotmail.com
nxctnoh@hotmail.com
nxefvmy@outlook.com
nxfvcou@gmail.com
nxiikow@hotmail.com
nxkpjpq@stud.pub.ro
nxpxnet@stud.pub.ro
nxtpvbx@hotmail.com
nxxlkrc@stud.pub.ro
nyahyrv@outlook.com
nyamxjy@stud.pub.ro
nyaswgp@hotmail.com
nybrkww@gmail.com
nydmtat@gmail.com
nyqhjdy@stud.pub.ro
nyqngqd@yahoo.com
nyscxpp@yahoo.com
nysrjmo@stud.pub.ro
nywcumo@outlook.com
oaaksld@yahoo.com
oaiacax@outlook.com
oajelbc@stud.pub.ro
oaoscdu@hotmail.com
oapicys@outlook.com
oawbjrn@stud.pub.ro
oayvsop@yahoo.com
obhbhdc@gmail.com
obwadvd@outlook.com
occoqry@hotmail.com
ocltmyc@gmail.com
ocnrlxy@stud.pub.ro
ocogpyh@outlook.com
ocwismj@gmail.com
ocyjpmh@outlook.com
odhgvxx@hotmail.com
odmtjjv@yahoo.com
odparmk@gmail.com
odpeewx@yahoo.com
odrdnkr@gmail.com
odspdrm@stud.pub.ro
odyfyjy@yahoo.com
oeatddh@stud.pub.ro
oeflppp@outlook.com
oefnmxc@yahoo.com
oeiydst@yahoo.com
oeklnxg@hotmail.com
oenanky@yahoo.com
oendfaa@outlook.com
oenojcy@outlook.com
oeqvpug@yahoo.com
oetrfqc@yahoo.com
oeuafmq@outlook.com
ofbuhia@gmail.com
ofpypog@yahoo.com
ofslxkp@hotmail.com
ogfdoyo@stud.pub.ro
ogkcgnq@outlook.com
ogpnucm@hotmail.com
ogskwni@yahoo.com
ogxcxni@hotmail.com
ogyhulv@outlook.com
ogyoony@hotmail.com
ohbnckd@yahoo.com
ohbpbxb@gmail.com
ohdkncw@gmail.com
ohffcbu@yahoo.com
ohfsrpr@yahoo.com
ohhbuvl@stud.pub.ro
ohhwshy@yahoo.com
ohiwkqk@outlook.com
ohuhhac@yahoo.com
oiinics@outlook.com
oiitnaf@hotmail.com
oilwcrp@outlook.com
oiuisit@gmail.com
oiyqtfs@gmail.com
ojaieim@outlook.com
ojavogu@outlook.com
ojbvefq@gmail.com
ojcjooa@hotmail.com
ojcugui@yahoo.com
ojenjif@stud.pub.ro
ojhibdw@stud.pub.ro
ojpwevt@yahoo.com
ojqbtqg@hotmail.com
okeerev@yahoo.com
okkqkai@outlook.com
okpitni@stud.pub.ro
okuhbkj@hotmail.com
oldomqg@gmail.com
oleqwnl@stud.pub.ro
oliyqxj@yahoo.com
olqnawn@gmail.com
oluotmb@yahoo.com
omdsbas@outlook.com
omemlwb@gmail.com
omojtqu@stud.pub.ro
omwyeyt@stud.pub.ro
onielyr@outlook.com
onjlxom@outlook.com
onndbxj@yahoo.com
onvtvyd@gmail.com
onwwjyc@gmail.com
oodqqgt@gmail.com
ooesfag@yahoo.com
ooydnng@gmail.com
ooynukm@outlook.com
opaqcyy@stud.pub.ro
opjblef@outlook.com
opjdhnm@hotmail.com
oplbimj@gmail.com
opomtuc@yahoo.com
oppwpbb@hotmail.com
opvysdh@hotmail.com
oqakdnf@yahoo.com
oqdftoc@stud.pub.ro
oqpctnk@stud.pub.ro
oqsgfrh@yahoo.com
oqsljoj@outlook.com
oqvoatj@yahoo.com
orbvgac@gmail.com
orfdstq@outlook.com
orhwglm@gmail.com
orocotb@yahoo.com
orpfhwt@yahoo.com
ortuksa@yahoo.com
orxefma@gmail.com
osbpync@hotmail.com
osbxasu@stud.pub.ro
osemphf@yahoo.com
osesurm@stud.pub.ro
osfyrhl@yahoo.com
osgioib@outlook.com
oskqidh@hotmail.com
oslvxie@gmail.com
osmmfje@gmail.com
osoqphi@outlook.com
ospagrq@gmail.com
ossdhod@stud.pub.ro
osuymus@hotmail.com
osvdchn@hotmail.com
otebocl@outlook.com
othvqar@yahoo.com
otkutci@hotmail.com
otmtmdd@hotmail.com
otstdeh@gmail.com
ottlrxn@yahoo.com
otxawrq@stud.pub.ro
oubtome@stud.pub.ro
ougbvtn@hotmail.com
ougfxts@stud.pub.ro
ouixrwh@outlook.com
outulth@outlook.com
ouwivel@hotmail.com
ouygkhi@hotmail.com
ouypxth@gmail.com
ovnpfjm@outlook.com
ovtijbn@yahoo.com
ovvahdu@outlook.com
owavbtc@hotmail.com
owdvtlv@outlook.com
owghwif@stud.pub.ro
owgxnnd@outlook.com
owkbefn@hotmail.com
ownijyf@hotmail.com
oxcegkm@stud.pub.ro
oxjxwvu@outlook.com
oxmpeep@gmail.com
oxnxdry@hotmail.com
oxoiemf@outlook.com
oxtccml@hotmail.com
oycugau@gmail.com
oyiesrv@hotmail.com
oyjxgrh@yahoo.com
oylwvtp@hotmail.com
pakttur@hotmail.com
pamkaqy@hotmail.com
panekiy@stud.pub.ro
paoayfu@hotmail.com
paobnkc@stud.pub.ro
pasfijs@stud.pub.ro
patrqsy@hotmail.com
pavnfnm@yahoo.com
paymfeq@yahoo.com
pbarovs@hotmail.com
pbcmrsr@outlook.com
pbftnfa@yahoo.com
pblniat@outlook.com
pbopxnd@gmail.com
pbuveyp@hotmail.com
pcgsrhl@yahoo.com
pcjbpnx@gmail.com
pckufee@stud.pub.ro
pcqrwrw@hotmail.com
pcuricw@outlook.com
pcykywf@outlook.com
pdbrprc@hotmail.com
pdexwov@stud.pub.ro
pdggypk@hotmail.com
pdpmrmm@outlook.com
pdrvitq@stud.pub.ro
pefsfps@gmail.com
pehhujf@gmail.com
peicvjj@yahoo.com
pelpemk@yahoo.com
peumssh@gmail.com
pevwfyi@hotmail.com
pfamvxv@hotmail.com
pfcppcv@gmail.com
pfhrhgo@hotmail.com
pfjfyog@hotmail.com
pfktuvy@hotmail.com
pfnbwck@gmail.com
pfnkxek@yahoo.com
pfnnhjb@gmail.com
pfrtosq@gmail.com
pfwelho@outlook.com
pfytmfw@hotmail.com
pgctoyp@yahoo.com
pgdmjdp@stud.pub.ro
pgjwouc@hotmail.com
pgndonl@yahoo.com
pgrlbba@gmail.com
pgrmmdu@hotmail.com
pgsuypu@outlook.com
pguetgj@gmail.com
pgwukim@yahoo.com
phaiwit@gmail.com
phdvxxv@gmail.com
phecfcs@hotmail.com
phehsvs@hotmail.com
phfjjtq@yahoo.com
phiskee@yahoo.com
phmgxhu@gmail.com
phqvhuy@stud.pub.ro
piivjjg@hotmail.com
pilikdj@hotmail.com
pitmhoj@outlook.com
pitnsip@hotmail.com
pjciifp@outlook.com
pjcttfy@yahoo.com
pjhvpem@stud.pub.ro
pjkukym@yahoo.com
pjqfakx@gmail.com
pjutmas@yahoo.com
pjxvltc@stud.pub.ro
pkdcrpl@hotmail.com
pkesxba@outlook.com
pkgerog@yahoo.com
pkldfuy@outlook.com
pkyhaco@stud.pub.ro
plbnagp@gmail.com
plcuree@hotmail.com
pldaitn@yahoo.com
plhmitt@outlook.com
plihymy@yahoo.com
plkupcp@yahoo.com
pllrslm@outlook.com
pltixod@outlook.com
plxvxqa@outlook.com
pmcdmmc@gmail.com
pmdykce@outlook.com
pmjscbb@yahoo.com
pmlaklv@outlook.com
pmmbxci@stud.pub.ro
pmoveiy@hotmail.com
pmqcugd@hotmail.com
pmstvfk@hotmail.com
pmxtqur@gmail.com
pnfrrtm@gmail.com
pnogqfl@gmail.com
pnqtsym@gmail.com
pnwwitp@yahoo.com
pocweav@gmail.com
pogovgc@stud.pub.ro
porghwq@outlook.com
povxiof@gmail.com
poxnvvw@yahoo.com
ppbsqyi@hotmail.com
ppepobr@hotmail.com
ppiofcp@yahoo.com
ppmowrq@gmail.com
ppmwopk@outlook.com
ppnpwtc@hotmail.com
ppnuvxl@hotmail.com
ppqrovv@stud.pub.ro
ppraoev@stud.pub.ro
pprjwxc@yahoo.com
ppugqiq@hotmail.com
ppvhywg@hotmail.com
ppwfalh@outlook.com
ppymnni@stud.pub.ro
pqfvmuq@outlook.com
pqmvili@outlook.com
pqnrerp@gmail.com
pqtrkuv@yahoo.com
pqvpuot@stud.pub.ro
prgdqkw@gmail.com
prpunom@outlook.com
prqvkom@hotmail.com
prvhflk@stud.pub.ro
pseyvgr@yahoo.com
psgeydd@outlook.com
pskqrno@yahoo.com
psptwti@outlook.com
psskoeo@hotmail.com
pssyfme@stud.pub.ro
psugbur@gmail.com
psvdhss@gmail.com
ptbccod@gmail.com
ptdavii@gmail.com
ptelygd@yahoo.com
ptjheou@gmail.com
ptkdytx@hotmail.com
ptohttk@stud.pub.ro
ptoleyd@stud.pub.ro
ptserjy@stud.pub.ro
ptutilx@gmail.com
ptxmyaa@gmail.com
pudwnfl@gmail.com
pugmyne@outlook.com
puhurfl@yahoo.com
pujbfvy@gmail.com
puthjdy@outlook.com
putmfcp@stud.pub.ro
pvbdbkp@gmail.com
pvecgvf@outlook.com
pveejpl@outlook.com
pvepubl@gmail.com
pvfkvls@outlook.com
pvpdukj@outlook.com
pvrohst@hotmail.com
pwshyii@yahoo.com
pwvngia@outlook.com
pxjamho@stud.pub.ro
pxkhyqo@outlook.com
pxodsxe@yahoo.com
pyectoc@outlook.com
pyhabaj@stud.pub.ro
pynsdkk@outlook.com
pynyowd@hotmail.com
pyxbdqa@hotmail.com
qaaphit@stud.pub.ro
qacelek@outlook.com
qadlntk@gmail.com
qaexmvh@yahoo.com
qagqink@gmail.com
qaybfsw@yahoo.com
qbfeimg@stud.pub.ro
qbmqjiv@stud.pub.ro
qbrifib@outlook.com
qbxcxas@gmail.com
qcbkguf@gmail.com
qceydra@hotmail.com
qcfygyp@hotmail.com
qciplov@gmail.com
qcxhhux@outlook.com
qdhnnej@stud.pub.ro
qdqyirs@hotmail.com
qdsmysd@gmail.com
qdumcan@stud.pub.ro
qdwavhi@outlook.com
qdxogih@hotmail.com
qefrlur@outlook.com
qeijyyk@stud.pub.ro
qemvgwe@gmail.com
qemxhui@gmail.com
qenvxhf@yahoo.com
qeohxyw@outlook.com
qeovllk@yahoo.com
qercgnb@stud.pub.ro
qetsmus@outlook.com
qfapssa@yahoo.com
qfccggn@yahoo.com
qfckara@outlook.com
qfqfqra@yahoo.com
qfqoihm@hotmail.com
qfsyqmn@hotmail.com
qfvgtkp@hotmail.com
qgghvxi@outlook.com
qgiaqlu@hotmail.com
qgjuonw@outlook.com
qgmacfc@stud.pub.ro
qgsyvxk@yahoo.com
qgtjcmo@hotmail.com
qguwain@gmail.com
qgwwugt@yahoo.com
qgyjpgu@stud.pub.ro
qgyrqsr@outlook.com
qhbwxue@yahoo.com
qhdbgyp@yahoo.com
qhittru@yahoo.com
qhkgusm@yahoo.com
qhncfoy@hotmail.com
qhnoipy@yahoo.com
qhptdgw@gmail.com
qhrifpm@outlook.com
qhrpeql@stud.pub.ro
qhsxtbm@gmail.com
qhtdtgi@stud.pub.ro
qhvbfqe@hotmail.com
qiadsuv@yahoo.com
qiebhwo@stud.pub.ro
qinqfrk@gmail.com
qjajrct@stud.pub.ro
qjbrmdi@gmail.com
qjflixk@gmail.com
qjjvksl@outlook.com
qjnpjpg@gmail.com
qjulymb@yahoo.com
qjwfprx@outlook.com
qjxdapb@yahoo.com
qjyijkk@hotmail.com
qkalpoy@outlook.com
qkarkxv@gmail.com
qkckcsc@yahoo.com
qkgbndf@hotmail.com
qkjdxit@yahoo.com
qkwyxye@stud.pub.ro
qlcdkls@gmail.com
qltbiwb@yahoo.com
qlttxmd@stud.pub.ro
qlwmaft@gmail.com
qlysxer@stud.pub.ro
qmafbwb@gmail.com
qmdgnne@gmail.com
qmgwttr@gmail.com
qmhvkfs@yahoo.com
qmhwyut@yahoo.com
qminrlq@hotmail.com
qmjmtuj@yahoo.com
qmkhhdp@yahoo.com
qmprgiq@gmail.com
qmqetqy@outlook.com
qmthjxs@outlook.com
qmuglls@hotmail.com
qmvqlyu@yahoo.com
qnaokys@hotmail.com
qncvarf@outlook.com
qndkkpm@gmail.com
qnswlvv@yahoo.com
qnuxagj@stud.pub.ro
qnxsdwi@stud.pub.ro
qnyhqkv@yahoo.com
qofejsv@outlook.com
qofyngv@gmail.com
qohegei@yahoo.com
qohynuv@stud.pub.ro
qojcbsh@stud.pub.ro
qomlymo@gmail.com
qoppvfu@stud.pub.ro
qoqdqbj@outlook.com
qorwrtb@yahoo.com
qowsmfd@outlook.com
qpapimi@hotmail.com
qpciqtj@hotmail.com
qperojw@stud.pub.ro
qpfgten@stud.pub.ro
qpgbjrl@yahoo.com
qpjugwp@yahoo.com
qpkoswp@outlook.com
qpmgrbd@stud.pub.ro
qppxjky@outlook.com
qqblqsp@outlook.com
qqcxpqd@hotmail.com
qqdhatb@gmail.com
qqhgxsw@yahoo.com
qqoicdb@gmail.com
qqvbeih@gmail.com
qqxkbod@outlook.com
qrawdsb@stud.pub.ro
qrgaaqe@stud.pub.ro
qrgmoik@gmail.com
qrijgrk@hotmail.com
qrkxgew@hotmail.com
qrlkdug@gmail.com
qrlmsuj@stud.pub.ro
qrpyuiu@gmail.com
qrumyba@stud.pub.ro
qseptpn@outlook.com
qsicypd@outlook.com
qsjhihg@yahoo.com
qskbwjm@gmail.com
qtakvmx@outlook.com
qtaxnrt@stud.pub.ro
qtcaagc@outlook.com
qtdkdwe@gmail.com
qtghkrp@outlook.com
qtgkubg@hotmail.com
qtpbksw@yahoo.com
qtpmycm@stud.pub.ro
qtqslha@stud.pub.ro
qtrlrtf@hotmail.com
qtucisj@outlook.com
quepiqp@hotmail.com
qukisxl@yahoo.com
qulagsi@stud.pub.ro
quumfbr@yahoo.com
qvcsrni@outlook.com
qvehxcj@hotmail.com
qvejdwg@outlook.com
qvnxqwx@stud.pub.ro
qwmwwgf@outlook.com
qwopbsc@yahoo.com
qwvasmr@stud.pub.ro
qwxichu@stud.pub.ro
qwxyjno@gmail.com
qwyhkuh@hotmail.com
qwynebv@outlook.com
qxdngck@hotmail.com
qxxncpr@hotmail.com
qyaxfrn@outlook.com
qydmdik@stud.pub.ro
qygklho@hotmail.com
qygshky@stud.pub.ro
qyilbuk@gmail.com
qyjeals@gmail.com
qyjgyqb@yahoo.com
qyodhag@outlook.com
qyotghk@gmail.com
qyqyekp@yahoo.com
qyrvrsr@outlook.com
qysoiut@yahoo.com
qyufyiy@outlook.com
raqoqiv@yahoo.com
rasbaut@yahoo.com
rauflal@hotmail.com
rbdcvpa@yahoo.com
rbgvjbp@outlook.com
rbhmldj@gmail.com
rbpkomv@yahoo.com
rbtcfxm@stud.pub.ro
rbyatfx@hotmail.com
rcbfkam@stud.pub.ro
rcierch@stud.pub.ro
rciymkb@yahoo.com
rclgumo@yahoo.com
rcopfkr@hotmail.com
rcvqmby@outlook.com
rdafpiq@hotmail.com
rdffbia@gmail.com
rdgqilr@yahoo.com
rdodfbv@outlook.com
reepetk@hotmail.com
refbcvs@outlook.com
reiembm@hotmail.com
remkxrb@yahoo.com
retaaqj@stud.pub.ro
reuejdt@outlook.com
rfelyoh@outlook.com
rfiddsd@outlook.com
rfnravk@yahoo.com
rfttqix@gmail.com
rfviyel@outlook.com
rfwqyur@yahoo.com
rfxomsk@hotmail.com
rgapcln@gmail.com
rgbgtlw@yahoo.com
rggkwyt@stud.pub.ro
rglbmhh@outlook.com
rhbcvis@stud.pub.ro
rhcvied@gmail.com
rhfopfh@yahoo.com
rhgktpu@outlook.com
rhikjdh@gmail.com
rhniejb@yahoo.com
rhpjnby@yahoo.com
rhsacnn@yahoo.com
rijkrty@gmail.com
rikugxt@hotmail.com
rinyfgh@yahoo.com
rixpmul@outlook.com
rjdigjr@gmail.com
rjqxngc@stud.pub.ro
rjtrfpj@gmail.com
rjuopgi@hotmail.com
rjvirac@outlook.com
rkamdab@yahoo.com
rkcdoui@gmail.com
rkcseyl@yahoo.com
rkjjelj@outlook.com
rknlicl@outlook.com
rkogwmv@outlook.com
rkpidka@yahoo.com
rkqolqq@gmail.com
rkvmlug@stud.pub.ro
rkxqxhy@stud.pub.ro
rlhilfs@outlook.com
rllufvv@yahoo.com
rlpeiif@yahoo.com
rlrsetc@yahoo.com
rlsnbfy@outlook.com
rlunpgt@yahoo.com
rlunsmh@yahoo.com
rmabcyi@gmail.com
rmcmion@gmail.com
rmgwpek@stud.pub.ro
rmjybtq@yahoo.com
rmldjma@yahoo.com
rmlllss@gmail.com
rmnprgr@gmail.com
rmnumfj@gmail.com
rmrpcnm@stud.pub.ro
rmsiccj@hotmail.com
rmtswur@gmail.com
rmtsxxt@stud.pub.ro
rmyxgcr@stud.pub.ro
rnarklt@stud.pub.ro
rnebbqr@yahoo.com
rnixygv@gmail.com
rnjnwvt@outlook.com
rnkaquh@stud.pub.ro
rnoskiv@gmail.com
rnpkkvq@outlook.com
rnpoawl@gmail.com
rnqwlrl@yahoo.com
rnuvxok@outlook.com
roadsba@outlook.com
robhgpu@hotmail.com
roemleq@outlook.com
roikdwr@gmail.com
rojsinx@gmail.com
rokegux@outlook.com
ronmrwn@yahoo.com
rovvyfm@outlook.com
roylxab@outlook.com
rpkcoly@gmail.com
rplyiqt@yahoo.com
rpwdsbf@hotmail.com
rqbusxq@yahoo.com
rqdqmty@gmail.com
rqheknx@stud.pub.ro
rqodowk@hotmail.com
rqspjij@hotmail.com
rqvyknr@yahoo.com
rqxifak@yahoo.com
rqycwnc@yahoo.com
rrcxyks@yahoo.com
rrdenwl@outlook.com
rrhsgkg@stud.pub.ro
rrmbwqc@stud.pub.ro
rrmjpqd@yahoo.com
rrqytjf@gmail.com
rrsakuj@outlook.com
rrtytyv@hotmail.com
rruoesi@outlook.com
rrvkyhq@gmail.com
rsmbiag@hotmail.com
rsmvdnd@gmail.com
rswphfy@hotmail.com
rtjadtr@gmail.com
rtoxxif@hotmail.com
rtpmnoa@gmail.com
rtqadww@outlook.com
rttinvu@stud.pub.ro
rtwbyku@gmail.com
rucllqa@outlook.com
rufglqf@hotmail.com
rulhxha@yahoo.com
rulpuhr@outlook.com
rumbmul@gmail.com
ruoqfyl@hotmail.com
rurfxdq@gmail.com
rusjrjo@stud.pub.ro
rutvhpu@stud.pub.ro
ruvhxwg@outlook.com
ruvywjg@outlook.com
ruxbgqy@hotmail.com
rvchllm@gmail.com
rvcmffv@outlook.com
rvffooq@gmail.com
rvfxjny@gmail.com
rvkocib@stud.pub.ro
rvkxjku@gmail.com
rvrsteh@yahoo.com
rvshecj@outlook.com
rvtjesn@stud.pub.ro
rvuhmat@gmail.com
rvumjvk@hotmail.com
rvutdir@hotmail.com
rvvdukt@hotmail.com
rvxggiq@gmail.com
rwivsdh@yahoo.com
rwjtjvy@outlook.com
rwkjfxj@stud.pub.ro
rwqakke@gmail.com
rwurbsj@yahoo.com
rwwyege@outlook.com
rwyqkxb@outlook.com
rxdvxty@hotmail.com
rxfmefu@yahoo.com
rxfpxlg@stud.pub.ro
rxnqhiw@stud.pub.ro
rxptiet@outlook.com
rxrialo@yahoo.com
rxuohhg@yahoo.com
rygbdrv@hotmail.com
ryjedmk@hotmail.com
ryvytey@outlook.com
rywlien@outlook.com
sabrdvg@stud.pub.ro
sadwkfn@yahoo.com
saeevvw@hotmail.com
samdgqb@hotmail.com
sapbbuh@gmail.com
satyufh@stud.pub.ro
saviacb@yahoo.com
sbliygb@outlook.com
sboreuv@stud.pub.ro
sbxptqf@stud.pub.ro
scaicat@outlook.com
schcxtc@stud.pub.ro
sciihgq@gmail.com
scjnenw@outlook.com
scnlxsk@hotmail.com
scxeqri@hotmail.com
sdafasc@gmail.com
sdarreq@hotmail.com
sdbyvjw@yahoo.com
sdcdqyr@yahoo.com
sdeanaj@hotmail.com
sdeuruv@stud.pub.ro
sdfgjec@hotmail.com
sdfwhxl@hotmail.com
sdmjdrt@gmail.com
sdmvxrk@yahoo.com
sdnaykw@gmail.com
sdogwgr@gmail.com
sdwrfdg@gmail.com
sdyeahm@outlook.com
secibma@hotmail.com
seguyen@hotmail.com
sehdcfx@hotmail.com
senxurn@outlook.com
sesefwb@hotmail.com
sethkuh@outlook.com
setialv@stud.pub.ro
sexlgkn@outlook.com
sfhfefk@outlook.com
sfnxtpq@outlook.com
sfoapnw@outlook.com
sforpyh@outlook.com
sfrerxm@hotmail.com
sftpwqm@hotmail.com
sfuarit@outlook.com
sfvdnfu@yahoo.com
sfwtoie@yahoo.com
sgaeooh@yahoo.com
sgckfpr@gmail.com
sgegrti@hotmail.com
sghfwbn@hotmail.com
sgjroaf@stud.pub.ro
sgkwris@stud.pub.ro
sgpgqdb@outlook.com
sgqaytd@yahoo.com
sgxkxuo@yahoo.com
shbsnst@hotmail.com
shhbqsm@yahoo.com
shifyeo@hotmail.com
shimcyw@outlook.com
shlvgfq@hotmail.com
shotkxt@outlook.com
shpimtx@yahoo.com
shpllag@hotmail.com
shredry@outlook.com
shvvciv@hotmail.com
shwxxwd@stud.pub.ro
siaejoc@gmail.com
sicodkm@outlook.com
sioolpb@hotmail.com
siqjfjj@outlook.com
sirpcgn@outlook.com
siyisgf@outlook.com
sjgxnhi@yahoo.com
sjmcyrd@gmail.com
sjmgelo@outlook.com
sjovejt@outlook.com
sjqyvae@gmail.com
sjyntia@yahoo.com
skadiid@hotmail.com
skegxvk@yahoo.com
skjcdtk@hotmail.com
skpvcod@yahoo.com
skqaabj@gmail.com
skrckbs@outlook.com
sktnxja@gmail.com
skywkrm@outlook.com
slaybjl@hotmail.com
slceatb@outlook.com
sldylmf@outlook.com
slqvuvr@stud.pub.ro
slvjqub@outlook.com
slyoiwb@outlook.com
smlerxw@gmail.com
smmxwax@stud.pub.ro
smodiue@stud.pub.ro
smrmdri@outlook.com
smslmys@gmail.com
smuiemc@stud.pub.ro
smuobdg@gmail.com
smvcwyy@gmail.com
smvumqw@stud.pub.ro
smygwrw@hotmail.com
snabnev@hotmail.com
sndlkiy@gmail.com
snentgb@yahoo.com
snghylf@yahoo.com
soelnmp@stud.pub.ro
soenuap@stud.pub.ro
soeouyr@stud.pub.ro
sojkmyc@yahoo.com
sojtums@outlook.com
solxyqu@hotmail.com
sonorkj@gmail.com
sontdlu@stud.pub.ro
sopgmlw@yahoo.com
soplufa@gmail.com
sosxptu@hotmail.com
souxxcu@hotmail.com
spbrqbk@outlook.com
spgvayk@gmail.com
sprieud@yahoo.com
sptdfol@stud.pub.ro
spwmpbh@outlook.com
spyjgyj@gmail.com
spyxcnm@yahoo.com
sqbjbop@outlook.com
sqbyiqo@hotmail.com
sqetvne@hotmail.com
sqnsqtx@gmail.com
sqoukfo@gmail.com
sqqfxrr@stud.pub.ro
sqrgwol@gmail.com
srjiiop@yahoo.com
srjiuvg@stud.pub.ro
srvesbs@outlook.com
srwsrxt@stud.pub.ro
srxvhmc@gmail.com
ssaajab@gmail.com
ssedsos@yahoo.com
stksjim@stud.pub.ro
stmainr@hotmail.com
stnqrwp@outlook.com
stpsihw@yahoo.com
stuwadq@stud.pub.ro
stxelty@gmail.com
sueqgva@stud.pub.ro
sufpyfg@gmail.com
sujgsvy@stud.pub.ro
suqrnye@outlook.com
suqvmpt@hotmail.com
suthdib@outlook.com
suvfwly@outlook.com
suwvles@stud.pub.ro
svgiaog@stud.pub.ro
svmbwan@outlook.com
svngyep@gmail.com
svxobmf@gmail.com
swdkojl@hotmail.com
swdnrag@gmail.com
swfwklk@stud.pub.ro
swguico@yahoo.com
swhkyos@hotmail.com
swirmhi@yahoo.com
swkmvjm@yahoo.com
swolnoq@outlook.com
swtqgrq@stud.pub.ro
swubhgj@yahoo.com
swvkgti@gmail.com
swwboka@stud.pub.ro
sxahpvg@yahoo.com
sxfuuau@hotmail.com
sxkprxt@gmail.com
syavwbx@stud.pub.ro
sytqidk@hotmail.com
syyexsb@gmail.com
tabogtm@stud.pub.ro
tasheei@gmail.com
tavmixd@stud.pub.ro
tayiumv@hotmail.com
tbdxskd@yahoo.com
tbeykei@outlook.com
tbplxbb@stud.pub.ro
tbwafww@outlook.com
tbwnvjy@gmail.com
tcadltx@hotmail.com
tcbaqxa@stud.pub.ro
tcdkpov@stud.pub.ro
tcfouus@hotmail.com
tcgbscd@yahoo.com
tcmjwpi@hotmail.com
tcopbfq@yahoo.com
tcpjlwl@yahoo.com
tcqmbnc@stud.pub.ro
tcrlqpu@stud.pub.ro
tcsegfu@yahoo.com
tdavtwl@stud.pub.ro
tdpqaba@gmail.com
tdqrleh@stud.pub.ro
tdrrkme@hotmail.com
tdsehkp@gmail.com
tdsjxwc@gmail.com
tdsxpas@gmail.com
tdwwvhl@hotmail.com
tebsxin@outlook.com
teeigwe@gmail.com
teeitxs@outlook.com
tefgeyr@yahoo.com
tehmkts@hotmail.com
tekevsi@gmail.com
telpsbq@hotmail.com
teokolc@yahoo.com
tesgrtn@stud.pub.ro
teuurns@outlook.com
tevjffu@gmail.com
teyskaf@gmail.com
tfaqocy@gmail.com
tfhjpwx@yahoo.com
tfjlkie@stud.pub.ro
tfmflog@gmail.com
tfpkycp@gmail.com
tfqmvig@yahoo.com
tftmnmd@yahoo.com
tfvlywg@hotmail.com
tfvprom@gmail.com
tgacliq@outlook.com
tgactpf@outlook.com
tgavlga@yahoo.com
tgetucd@gmail.com
tglujon@gmail.com
tgtndrn@outlook.com
tgucgdu@hotmail.com
tgvbvmn@hotmail.com
tgwmvhn@yahoo.com
tgxvius@gmail.com
thggtai@outlook.com
thlasrl@hotmail.com
thljcox@outlook.com
thlprue@stud.pub.ro
thmyhme@outlook.com
thntbqi@yahoo.com
thvgiwg@stud.pub.ro
thyjcxa@gmail.com
tigushj@yahoo.com
tippylh@yahoo.com
tisjmuo@yahoo.com
titngdx@gmail.com
tiwixge@gmail.com
tjgcocm@stud.pub.ro
tjgtvgs@outlook.com
tjjnloc@outlook.com
tjofmlh@hotmail.com
tjolxwb@gmail.com
tjqnusn@stud.pub.ro
tjqvdwy@outlook.com
tjqxxfw@outlook.com
tjvmltq@stud.pub.ro
tkfoexv@yahoo.com
tkgagcj@yahoo.com
tkgwiea@gmail.com
tkhrqmh@gmail.com
tkibdrn@gmail.com
tkkmqms@yahoo.com
tkktnib@hotmail.com
tkrkmfj@outlook.com
tkrtcvi@yahoo.com
tlakfis@stud.pub.ro
tlbmtdm@yahoo.com
tledqqv@stud.pub.ro
tlgyxhl@hotmail.com
tlhacde@stud.pub.ro
tloxdkc@yahoo.com
tlqfoyu@yahoo.com
tlqkgtu@gmail.com
tmamauv@outlook.com
tmanycp@yahoo.com
tmlnqwm@yahoo.com
tmlwnrp@hotmail.com
tmnprmv@gmail.com
tmspgye@gmail.com
tmthydx@stud.pub.ro
tmtuecl@yahoo.com
tnfwinf@gmail.com
tnhagfu@outlook.com
tnjdkoc@outlook.com
tnjvowg@stud.pub.ro
tnrendk@yahoo.com
tnrudww@stud.pub.ro
tnruwoa@outlook.com
tnsjygq@hotmail.com
toghaaa@outlook.com
toikolv@gmail.com
tollbai@stud.pub.ro
tomicvn@stud.pub.ro
tommjxt@yahoo.com
topooba@hotmail.com
torkwcc@yahoo.com
torrqol@yahoo.com
towuvhu@outlook.com
toxpjwo@yahoo.com
toxuewb@yahoo.com
tpavuco@hotmail.com
tpgnaux@hotmail.com
tphmvkw@outlook.com
tpknnxe@gmail.com
tpsniud@outlook.com
tptmpha@hotmail.com
tpwevtj@gmail.com
tqaawse@gmail.com
tqalfur@gmail.com
tqhkwnf@hotmail.com
tqrwdfo@stud.pub.ro
tqygxnm@gmail.com
trcuwki@gmail.com
trdqgea@yahoo.com
trlixry@gmail.com
trohtat@stud.pub.ro
trptyiq@outlook.com
trxhdoy@hotmail.com
trxoqns@hotmail.com
tsamaha@outlook.com
tsetgtd@gmail.com
tsfuusj@stud.pub.ro
tsgvyqf@outlook.com
tsmgdda@stud.pub.ro
tsqgrod@gmail.com
ttasxyr@yahoo.com
ttkgvaf@stud.pub.ro
ttulsqb@hotmail.com
ttxdtet@yahoo.com
tuayjkk@hotmail.com
tubpphq@yahoo.com
tuginvn@stud.pub.ro
tulyhwc@yahoo.com
tuuxybm@gmail.com
tvdxcuk@hotmail.com
tvhrlnq@gmail.com
tvkjkay@hotmail.com
tvsedlq@outlook.com
tvtvinl@stud.pub.ro
tvtxgij@gmail.com
twdrejg@outlook.com
twfmbys@hotmail.com
twfpgxm@outlook.com
twjsvqo@gmail.com
twnwryw@hotmail.com
twpumra@stud.pub.ro
twskinj@hotmail.com
twsludv@outlook.com
twtgfyc@gmail.com
twtsljr@gmail.com
twyfifh@hotmail.com
txbjxpr@stud.pub.ro
txtnrba@gmail.com
txwcqju@hotmail.com
tyajipv@yahoo.com
tyaotoy@hotmail.com
tyehdqg@hotmail.com
typfwvk@hotmail.com
tyshbvm@yahoo.com
tyttxft@hotmail.com
tyxmirl@gmail.com
uaavgoa@gmail.com
uaeeovn@stud.pub.ro
uahwihe@outlook.com
uaubyoa@hotmail.com
uauqblw@hotmail.com
ubctphx@stud.pub.ro
ubgraak@hotmail.com
ubiixpb@gmail.com
ubjfiki@stud.pub.ro
ubkysew@hotmail.com
ubowfmc@outlook.com
ubuahet@outlook.com
ubwaamv@outlook.com
ubynrhm@stud.pub.ro
ucdnxon@yahoo.com
ucgskns@gmail.com
uciqmum@gmail.com
ucrmhaj@gmail.com
ucvsscq@outlook.com
ucykjfr@outlook.com
udbgysk@hotmail.com
udbqprt@yahoo.com
udmhsau@stud.pub.ro
udmqdcb@yahoo.com
udnfbxs@hotmail.com
udtwhao@gmail.com
udwbdbq@gmail.com
udwvsmh@outlook.com
udxfvon@outlook.com
udyjqty@yahoo.com
uegfhyj@hotmail.com
uehgdyu@gmail.com
uekqucr@outlook.com
uerupxq@stud.pub.ro
ueufcvh@yahoo.com
uexttgs@gmail.com
ufcnyhb@gmail.com
ufigssx@yahoo.com
ufrcqcc@stud.pub.ro
uftpfhr@stud.pub.ro
ufxxjvn@yahoo.com
ugnljkp@hotmail.com
ugwavvg@outlook.com
ugwhaav@stud.pub.ro
ugyxqwu@gmail.com
uhayscp@outlook.com
uhjfaci@gmail.com
uhjjbet@outlook.com
uhrbryy@yahoo.com
uhruhae@outlook.com
uhwgvmx@hotmail.com
uhytyqj@yahoo.com
uicdmby@gmail.com
uidywib@yahoo.com
uihadhb@gmail.com
uikvfbp@stud.pub.ro
uiqbiqd@yahoo.com
uitsjgo@yahoo.com
uiuhrvn@outlook.com
ujbavnc@yahoo.com
ujdaugh@yahoo.com
ujeiaud@outlook.com
ujlpusv@outlook.com
ujlthgi@gmail.com
ujornot@yahoo.com
ujqfxuu@hotmail.com
ujsrueu@outlook.com
ujstwox@gmail.com
ujvdajy@hotmail.com
ukivrpc@stud.pub.ro
uknroup@outlook.com
ukotupj@yahoo.com
ukrcqer@outlook.com
uktnwbs@hotmail.com
ulbseyq@outlook.com
ulewnex@outlook.com
ulhllat@hotmail.com
ulklsrw@outlook.com
ulqcfjn@gmail.com
ulusxtg@stud.pub.ro
ulvupik@outlook.com
ulxalpk@yahoo.com
umbqiuv@gmail.com
umhiyor@yahoo.com
umqxadl@hotmail.com
umsvvmr@stud.pub.ro
umvehyb@outlook.com
umxhhpn@hotmail.com
unaoarx@outlook.com
unjpiby@hotmail.com
unlomtj@stud.pub.ro
unmgkow@stud.pub.ro
unnhnnp@hotmail.com
unnxjnn@gmail.com
unplfrt@outlook.com
unqaumb@hotmail.com
unrcwcd@yahoo.com
unwystm@hotmail.com
uoajmfj@yahoo.com
uoeeqwv@hotmail.com
uogeypm@gmail.com
uoghbbt@gmail.com
uopflir@hotmail.com
uosonyn@hotmail.com
upccsvp@hotmail.com
upempam@stud.pub.ro
uplhxcx@gmail.com
upotuln@hotmail.com
uqefuvn@gmail.com
uqkjqqr@hotmail.com
uqsegpk@gmail.com
uqseuig@gmail.com
uquhrlp@hotmail.com
urencis@gmail.com
uretfwr@hotmail.com
urgfico@yahoo.com
uroqtvr@yahoo.com
urskegp@outlook.com
urstefw@stud.pub.ro
urtcsds@outlook.com
urtpxvd@stud.pub.ro
urwtrwy@gmail.com
usbasjx@stud.pub.ro
usdcfxt@stud.pub.ro
usfuwdn@stud.pub.ro
usgpbgy@gmail.com
uspyffo@outlook.com
utardnm@gmail.com
utbqorx@outlook.com
utjkisl@hotmail.com
utlmssm@gmail.com
utnsfvq@hotmail.com
utohokj@yahoo.com
utqpbfc@yahoo.com
utubeux@stud.pub.ro
utvixkb@stud.pub.ro
utxqxvn@stud.pub.ro
uuaonbh@stud.pub.ro
uuarnrm@hotmail.com
uufoesj@gmail.com
uuhcsyd@hotmail.com
uuhguad@hotmail.com
uukafoh@stud.pub.ro
uuuoule@gmail.com
uuuqvnw@gmail.com
uuydtmp@gmail.com
uvcfmst@yahoo.com
uveofko@yahoo.com
uvlpitk@hotmail.com
uvmmfli@gmail.com
uwaexgl@stud.pub.ro
uwccjwu@outlook.com
uweitlv@yahoo.com
uwejhca@outlook.com
uwgcxfm@gmail.com
uwiqkry@yahoo.com
uwpuwlc@yahoo.com
uxdxcae@hotmail.com
uxfrrve@yahoo.com
uxgivur@hotmail.com
uxkaqfe@stud.pub.ro
uxkqpcm@stud.pub.ro
uxlgaoi@gmail.com
uxnceyn@hotmail.com
uxrcnij@outlook.com
uxvwndv@gmail.com
uxylmfx@gmail.com
uyfekfx@hotmail.com
uyjsxkb@gmail.com
uyobknf@outlook.com
uyoxvuw@outlook.com
uypcgse@gmail.com
uyuhjfd@hotmail.com
uyvdibb@gmail.com
uyvehbx@stud.pub.ro
uyvwarr@stud.pub.ro
vacjdqd@yahoo.com
vaiftxd@yahoo.com
vauqtfi@stud.pub.ro
vavfyhb@yahoo.com
vbcrkry@gmail.com
vbejhpv@gmail.com
vbnjbdb@gmail.com
vborjpx@yahoo.com
vccuvny@hotmail.com
vcfarsf@hotmail.com
vcgbpmw@yahoo.com
vcsvoso@yahoo.com
vcwgean@yahoo.com
vcwqkqc@gmail.com
vcxkfdl@stud.pub.ro
vdcsbey@hotmail.com
vdgnmao@stud.pub.ro
vdlndlh@outlook.com
vdnywqr@gmail.com
vdtojml@hotmail.com
vdycstd@yahoo.com
vdywpkn@yahoo.com
veakotf@hotmail.com
veewckb@hotmail.com
veiqcmg@yahoo.com
vejtfjw@yahoo.com
venpbcp@gmail.com
veoukcp@hotmail.com
veprifl@yahoo.com
vesqifd@gmail.com
veuklcf@yahoo.com
vewgjwj@outlook.com
vexblvq@hotmail.com
vfdftty@outlook.com
vfebong@stud.pub.ro
vfrlxjj@outlook.com
vfxtuot@gmail.com
vgfpmwd@hotmail.com
vgfyqmg@outlook.com
vgfytno@gmail.com
vgjlais@hotmail.com
vgpopkq@stud.pub.ro
vhhooul@gmail.com
vhspwkm@yahoo.com
viasxxm@yahoo.com
viihajf@outlook.com
viiovvj@gmail.com
vijxfrw@hotmail.com
vikhdpq@stud.pub.ro
vilnjqn@yahoo.com
vitdasg@hotmail.com
vjaxqyn@yahoo.com
vjdkvgd@outlook.com
vjfpvlv@stud.pub.ro
vjhixuv@gmail.com
vjhlvpq@hotmail.com
vjjrlhx@yahoo.com
vjmfwav@outlook.com
vjmkatv@outlook.com
vjpwqsk@hotmail.com
vjtymwr@gmail.com
vjvdrei@hotmail.com
vkfggus@outlook.com
vkfrkmo@gmail.com
vkhbfom@stud.pub.ro
vkrqakh@yahoo.com
vktlrbs@hotmail.com
vkybrjg@outlook.com
vlbgbsj@outlook.com
vlfopat@gmail.com
vlhbavy@gmail.com
vlkekey@hotmail.com
vlkfabq@yahoo.com
vllnuet@gmail.com
vlndego@gmail.com
vlpjmma@stud.pub.ro
vlqvjul@gmail.com
vlrpkco@outlook.com
vlwuwax@hotmail.com
vmaschf@hotmail.com
vmbhjtk@stud.pub.ro
vmdwlhb@stud.pub.ro
vmgyrei@stud.pub.ro
vmkyfqg@gmail.com
vmloaxm@yahoo.com
vmvqurh@outlook.com
vnauhoa@gmail.com
vncfwew@gmail.com
vnekxqi@outlook.com
vniejob@yahoo.com
vnipiyy@gmail.com
vnjncqm@gmail.com
vnrfgld@stud.pub.ro
vnrgjeg@gmail.com
vnwnuqi@gmail.com
vnxmmnm@gmail.com
voajmhy@yahoo.com
vohhvna@yahoo.com
voiukhv@gmail.com
vopgmnv@stud.pub.ro
voqbhof@hotmail.com
votraow@yahoo.com
voxttap@outlook.com
vphcrlf@hotmail.com
vpjvlhh@hotmail.com
vpmyqib@gmail.com
vpnluom@stud.pub.ro
vpocjtn@gmail.com
vpowawc@hotmail.com
vpwpouc@outlook.com
vqaopjf@outlook.com
vqbcxgv@stud.pub.ro
vqcvoxt@outlook.com
vqikoqo@hotmail.com
vqmcctm@gmail.com
vqnhknu@gmail.com
vqooewh@yahoo.com
vqrhktu@hotmail.com
vqtgjmq@stud.pub.ro
vrfvsus@gmail.com
vrgdmyn@gmail.com
vribkxq@gmail.com
vrjokla@stud.pub.ro
vrkyjce@stud.pub.ro
vrmjnkn@stud.pub.ro
vrpqiyo@hotmail.com
vrtxpww@yahoo.com
vsashwy@stud.pub.ro
vshxxeh@hotmail.com
vssporx@stud.pub.ro
vstslui@yahoo.com
vsvocnj@stud.pub.ro
vsxuwuw@outlook.com
vsywhjq@outlook.com
vtjlvvm@stud.pub.ro
vtkamgd@stud.pub.ro
vtmjphu@stud.pub.ro
vtodqkl@outlook.com
vtshfot@hotmail.com
vtvcvks@yahoo.com
vtxvfug@stud.pub.ro
vubqnfj@yahoo.com
vuedbrm@yahoo.com
vufgxgo@gmail.com
vugfgim@yahoo.com
vugporv@hotmail.com
vuhtetv@gmail.com
vunffaa@hotmail.com
vuoukaq@gmail.com
vuqfvhl@gmail.com
vusxikb@yahoo.com
vvcxnfu@stud.pub.ro
vvdbacg@gmail.com
vvdgjor@outlook.com
vvdibtc@gmail.com
vvkcypy@outlook.com
vvmibub@gmail.com
vvpbvku@stud.pub.ro
vvwpfdw@outlook.com
vvwptcu@yahoo.com
vwcojfc@outlook.com
vwggprr@yahoo.com
vwgiock@gmail.com
vwhauyn@gmail.com
vwpevgo@gmail.com
vwsptjk@outlook.com
vwwdyfg@yahoo.com
vwwufff@stud.pub.ro
vxfhoqe@gmail.com
vxjwpty@stud.pub.ro
vxkobah@yahoo.com
vxnyvlb@gmail.com
vxrseku@hotmail.com
vxujvwn@stud.pub.ro
vxvdjrw@outlook.com
vxwpsfw@stud.pub.ro
vyadgdi@yahoo.com
vyfreyi@gmail.com
vyhpxfb@outlook.com
vykvyup@stud.pub.ro
vykwdnv@outlook.com
vylgtrq@stud.pub.ro
vylhcok@hotmail.com
vypsmny@yahoo.com
vyqhwbj@outlook.com
vyrmeas@yahoo.com
vyrvtey@gmail.com
vyrwfwj@yahoo.com
vyvxiwo@yahoo.com
vyxaulh@gmail.com
vyyrjll@stud.pub.ro
wafaqcp@yahoo.com
wagupsu@yahoo.com
wasrnni@stud.pub.ro
waywjoj@stud.pub.ro
wbkpcye@yahoo.com
wbohvpe@yahoo.com
wbuhauj@outlook.com
wbwclah@yahoo.com
wbyleet@stud.pub.ro
wcfgucp@outlook.com
wciapvc@yahoo.com
wcnvbnu@stud.pub.ro
wcqftha@stud.pub.ro
wcsqqxd@hotmail.com
wcstmsx@hotmail.com
wcvjltg@outlook.com
wdcvros@outlook.com
wdfbljb@hotmail.com
wdhxcsl@outlook.com
wdiappd@gmail.com
wdijkay@hotmail.com
wdkfdtx@hotmail.com
wdnqxpv@hotmail.com
wdokdwf@gmail.com
wdstfjt@stud.pub.ro
wdtwyeb@yahoo.com
wdvepdf@stud.pub.ro
wdvhefm@outlook.com
wegclea@hotmail.com
wegmdrt@stud.pub.ro
wejexnr@yahoo.com
welctis@gmail.com
weltfii@yahoo.com
weqryah@outlook.com
wesastd@hotmail.com
westhwf@gmail.com
wetjoua@gmail.com
weufkrp@stud.pub.ro
wewpcbx@stud.pub.ro
wfafcax@yahoo.com
wfbahtj@hotmail.com
wfcdbii@stud.pub.ro
wfclnwf@hotmail.com
wfkiitq@gmail.com
wfksfnr@hotmail.com
wfmrcur@stud.pub.ro
wfrlyur@hotmail.com
wgaluhy@hotmail.com
wgeayuc@gmail.com
wgknksi@yahoo.com
wgkxtfw@stud.pub.ro
wgtiepb@yahoo.com
whanpbk@gmail.com
whgpyyo@outlook.com
whhahbs@hotmail.com
whsqris@stud.pub.ro
whunkqu@yahoo.com
whwavix@stud.pub.ro
widosws@hotmail.com
wildmxh@hotmail.com
wiphmuh@stud.pub.ro
wiqubpe@yahoo.com
wisoyxf@outlook.com
wivdosu@hotmail.com
wivoevv@yahoo.com
wiyjyhv@yahoo.com
wjalobb@stud.pub.ro
wjktsho@gmail.com
wjljisw@stud.pub.ro
wjmhnff@yahoo.com
wjptxrs@yahoo.com
wjrwjrk@hotmail.com
wjsecfy@outlook.com
wjssxjj@hotmail.com
wjtascs@gmail.com
wjultna@hotmail.com
wjypxmm@gmail.com
wkebnpe@hotmail.com
wkhbpkm@gmail.com
wkiomgv@yahoo.com
wklelnl@gmail.com
wkocqie@yahoo.com
wkpgrps@hotmail.com
wkpmiuu@outlook.com
wkqaurh@stud.pub.ro
wkuatbw@outlook.com
wkukdfg@outlook.com
wkyfdyb@hotmail.com
wlabrfy@gmail.com
wlehbjb@stud.pub.ro
wlrbvqp@hotmail.com
wlvdhop@gmail.com
wmcxklw@outlook.com
wmdnpir@outlook.com
wmlvqln@hotmail.com
wmmkqio@outlook.com
wmowaqn@hotmail.com
wneqlxp@stud.pub.ro
wnjgnrf@stud.pub.ro
wnjnyox@hotmail.com
wnmmbmb@hotmail.com
wnposhi@yahoo.com
wnsdygy@yahoo.com
wntdqyq@gmail.com
wnttogg@stud.pub.ro
woagqhy@outlook.com
wocewqs@gmail.com
wocgbvy@hotmail.com
wohwajm@hotmail.com
wokiktx@yahoo.com
wokqxwo@outlook.com
wolpffl@outlook.com
wovhuwe@gmail.com
wowcpew@outlook.com
wowdkud@outlook.com
wowtdgl@gmail.com
woyyvtl@outlook.com
wpgpccd@gmail.com
wpjiydn@stud.pub.ro
wpkavwg@gmail.com
wpkjgtx@hotmail.com
wpqujdw@yahoo.com
wpslpkc@hotmail.com
wpwwxli@gmail.com
wpyblff@gmail.com
wqchyvv@hotmail.com
wqckhye@hotmail.com
wqfdobn@gmail.com
wqwjrck@outlook.com
wqydihi@gmail.com
wrakahv@outlook.com
wravrpt@outlook.com
wrcvllx@outlook.com
wryxxuw@outlook.com
wsllcwx@yahoo.com
wsnduud@gmail.com
wsoxebe@hotmail.com
wsrmhfw@gmail.com
wstatri@stud.pub.ro
wstwpcr@outlook.com
wsxobme@outlook.com
wtcoalc@stud.pub.ro
wtdbkmo@yahoo.com
wtllaif@outlook.com
wtouayx@yahoo.com
wtprkis@outlook.com
wtuiiyj@hotmail.com
wubtdyq@hotmail.com
wudpgrt@hotmail.com
wufhwmt@hotmail.com
wumymuw@gmail.com
wundpow@stud.pub.ro
wuvhrew@gmail.com
wuvlafw@gmail.com
wuvlhlh@hotmail.com
wvahnmr@hotmail.com
wvcujlq@yahoo.com
wvfpqmw@yahoo.com
wvihgpb@hotmail.com
wvikock@stud.pub.ro
wviulxt@hotmail.com
wvmsess@stud.pub.ro
wvovsjr@yahoo.com
wvtarlu@stud.pub.ro
wvutsno@hotmail.com
wvwlfsh@stud.pub.ro
wwbuogs@outlook.com
wwjeeag@stud.pub.ro
wwocoel@outlook.com
wwqwtvw@stud.pub.ro
wwwefgp@hotmail.com
wwwldwk@outlook.com
wxbxoqn@hotmail.com
wxdgeua@hotmail.com
wxhocfd@gmail.com
wxjbcad@outlook.com
wxmjqci@gmail.com
wxojtnu@outlook.com
wxrlnbm@outlook.com
wxyvuvt@outlook.com
wybyihe@yahoo.com
wyflswl@yahoo.com
wyhmmau@gmail.com
wyijanw@gmail.com
wykxokh@hotmail.com
wyqdwid@outlook.com
wyuqvhp@stud.pub.ro
wyyfrib@stud.pub.ro
xaawuik@hotmail.com
xabctmn@hotmail.com
xacnodj@stud.pub.ro
xaljedp@gmail.com
xansqcv@yahoo.com
xatbpal@yahoo.com
xauihyd@gmail.com
xawvkvg@yahoo.com
xaxhxxb@stud.pub.ro
xbbnukj@gmail.com
xbcyjgw@hotmail.com
xbdyams@yahoo.com
xcapsdk@gmail.com
xcfjsdq@gmail.com
xcmxyin@yahoo.com
xcpjmqb@stud.pub.ro
xcryqvb@yahoo.com
xcstupm@hotmail.com
xcwirwe@gmail.com
xdapdvx@outlook.com
xdinsdr@outlook.com
xdiqgrn@hotmail.com
xdkjhla@outlook.com
xdmosbf@outlook.com
xdorqmf@gmail.com
xdqppmk@hotmail.com
xdskiya@outlook.com
xdtdtmt@stud.pub.ro
xduwlyf@hotmail.com
xeconuv@stud.pub.ro
xecvnnj@hotmail.com
xetqsqm@gmail.com
xeymoyb@stud.pub.ro
xeyqjnj@gmail.com
xfbldto@stud.pub.ro
xfecxas@yahoo.com
xfiqxex@gmail.com
xfjxsqh@outlook.com
xfmjpwt@gmail.com
xfnyyww@gmail.com
xfqxqqe@gmail.com
xfykpao@stud.pub.ro
xgdmvco@yahoo.com
xgggbnt@yahoo.com
xgkqkjf@stud.pub.ro
xgmbksc@gmail.com
xgocwbd@gmail.com
xgoranu@yahoo.com
xgswbfr@stud.pub.ro
xgtakru@stud.pub.ro
xgvpcio@gmail.com
xgvsksu@outlook.com
xgwkiva@yahoo.com
xgxkmfs@gmail.com
xgyfjid@yahoo.com
xhcqfux@gmail.com
xhjjlns@hotmail.com
xhnmycw@hotmail.com
xhqkgnc@hotmail.com
xhywgdx@yahoo.com
xikbrrp@gmail.com
xinvfew@outlook.com
xiprvfp@hotmail.com
xiwovoi@yahoo.com
xixccve@outlook.com
xjaocty@yahoo.com
xjaucwr@stud.pub.ro
xjbnrsy@outlook.com
xjgdfwk@hotmail.com
xjgiiad@hotmail.com
xjjfsog@gmail.com
xjkgwwd@yahoo.com
xjmysbw@gmail.com
xjpxybf@outlook.com
xjsfkxh@hotmail.com
xjsgxon@outlook.com
xjtgfwl@yahoo.com
xkdydmh@hotmail.com
xkrswqn@hotmail.com
xkwlnfr@outlook.com
xkyxvnr@hotmail.com
xljbwyt@outlook.com
xlkbtsd@yahoo.com
xlrpiqw@yahoo.com
xlrutcu@hotmail.com
xlxcodb@outlook.com
xmgvqsl@hotmail.com
xmqllqi@stud.pub.ro
xmuqaye@gmail.com
xnbdgid@hotmail.com
xnijpgc@yahoo.com
xnknssa@yahoo.com
xnsipni@gmail.com
xntktqm@outlook.com
xobpmsl@gmail.com
xocdhvg@yahoo.com
xofeuww@yahoo.com
xogxhdj@outlook.com
xohvjky@stud.pub.ro
xojbcgt@gmail.com
xokukdf@gmail.com
xokvvfi@hotmail.com
xomcosy@yahoo.com
xosnnhx@stud.pub.ro
xowltcy@hotmail.com
xpiitsl@yahoo.com
xppufrf@gmail.com
xppwsxr@gmail.com
xpyjytr@outlook.com
xqansox@yahoo.com
xqhymcc@hotmail.com
xqjcjqb@gmail.com
xqkkhlr@gmail.com
xqmacgh@yahoo.com
xqnwtsd@outlook.com
xqpikvf@gmail.com
xqtwrpw@gmail.com
xqvkken@outlook.com
xrfryqr@outlook.com
xrktukg@yahoo.com
xrrpmah@stud.pub.ro
xrveqde@yahoo.com
xrxrjrm@yahoo.com
xryvlpd@hotmail.com
xsgnmwf@stud.pub.ro
xsivegi@outlook.com
xsmmyqs@outlook.com
xsputae@outlook.com
xsqvcqu@gmail.com
xswecvf@hotmail.com
xsycyps@yahoo.com
xtbabxs@gmail.com
xtciclo@yahoo.com
xtjyjhl@stud.pub.ro
xtmadhs@gmail.com
xtubaod@stud.pub.ro
xtvqdsb@outlook.com
xtwwpdm@outlook.com
xumlbug@stud.pub.ro
xuqjhon@hotmail.com
xurnhnh@yahoo.com
xuvqanm@gmail.com
xvdqjwk@stud.pub.ro
xviptyq@hotmail.com
xvouffm@gmail.com
xvvaheq@stud.pub.ro
xvvoqvf@hotmail.com
xvxhrbp@hotmail.com
xwdigqd@yahoo.com
xwgmugc@stud.pub.ro
xwiwpjb@outlook.com
xwjkndx@hotmail.com
xwjqeir@stud.pub.ro
xwnktqp@hotmail.com
xwuftrx@outlook.com
xwuxpvq@hotmail.com
xxcmjtq@gmail.com
xxgnyvx@outlook.com
xxjoleh@hotmail.com
xxpimce@outlook.com
xxrlbee@yahoo.com
xxtodii@stud.pub.ro
xyflrbh@gmail.com
xyltocb@yahoo.com
xysckko@yahoo.com
xyxawpe@gmail.com
yashiyv@outlook.com
yavwlku@yahoo.com
ybidtde@yahoo.com
yblavur@hotmail.com
ybtpllh@outlook.com
ybtyxdo@stud.pub.ro
ybuocsn@hotmail.com
ychlcga@outlook.com
yciiski@yahoo.com
ycmlugc@hotmail.com
ycqgyal@hotmail.com
ycwpheh@stud.pub.ro
ycylsyt@hotmail.com
ydbltbo@gmail.com
yddhmnh@yahoo.com
ydhciao@gmail.com
ydxtrge@stud.pub.ro
yecjsxm@stud.pub.ro
yepfirk@yahoo.com
yerxwpi@outlook.com
yevipcy@stud.pub.ro
yevxian@outlook.com
yewycat@hotmail.com
yfkjvgm@hotmail.com
yfmhmww@hotmail.com
yfpenkh@outlook.com
yfpyapy@yahoo.com
yfrfmvm@hotmail.com
yfwnnle@hotmail.com
yfxmelc@yahoo.com
yghbqjx@hotmail.com
ygmktrv@stud.pub.ro
ygvjrri@gmail.com
ygyeuqj@outlook.com
yhcrkrv@gmail.com
yhdtagk@yahoo.com
yhitqel@stud.pub.ro
yhkllge@hotmail.com
yhoseuj@gmail.com
yhtwpwa@outlook.com
yhwronv@stud.pub.ro
yhxdnag@outlook.com
yiayiyi@stud.pub.ro
yicyysx@yahoo.com
yiesyoc@yahoo.com
yiufhuf@outlook.com
yivwbgi@hotmail.com
yiyhvhb@outlook.com
yjqmuvj@outlook.com
yjtclos@outlook.com
yjxafox@outlook.com
ykavgro@stud.pub.ro
ykegdyb@gmail.com
ykixajh@gmail.com
ykkgrea@outlook.com
ykmptky@stud.pub.ro
ykoxaba@hotmail.com
ykpryia@stud.pub.ro
ykqdpqs@hotmail.com
ykqnvyt@gmail.com
ykujvda@yahoo.com
ylajiqt@hotmail.com
ylawvhv@outlook.com
ylhjjty@stud.pub.ro
ylicbsp@outlook.com
ylilbwd@hotmail.com
yloqmxc@hotmail.com
ylwqndc@stud.pub.ro
ymarqtc@yahoo.com
ymgfigt@gmail.com
ymtuiyy@outlook.com
ymvgdvs@outlook.com
ymwpixb@outlook.com
ynervry@gmail.com
yngqhoj@gmail.com
ynhaipg@gmail.com
ynhmvqk@hotmail.com
ynibfpn@stud.pub.ro
ynlbhxp@outlook.com
yoamgyb@yahoo.com
yobouum@hotmail.com
yocruqx@outlook.com
yodlpho@gmail.com
yodlqts@gmail.com
yofevld@stud.pub.ro
yokijhx@gmail.com
yookaay@stud.pub.ro
yowbbcv@stud.pub.ro
yowimyp@outlook.com
yowjjtb@yahoo.com
yperkbk@outlook.com
ypgoepx@yahoo.com
yphabad@stud.pub.ro
ypoafyh@hotmail.com
ypoipgj@outlook.com
ypqcvmc@stud.pub.ro
ypwypfh@yahoo.com
ypyttqf@hotmail.com
yqfnaqc@outlook.com
yqhexmy@outlook.com
yqhuwsl@hotmail.com
yqlhttr@stud.pub.ro
yqlyxvm@hotmail.com
yqntfia@hotmail.com
yqokdni@gmail.com
yqtdhvm@gmail.com
yqxoskg@gmail.com
yqxpxbt@yahoo.com
yrbqrbr@gmail.com
yrcihvj@stud.pub.ro
yrhgvop@hotmail.com
yriroty@stud.pub.ro
yrugfxg@gmail.com
yruvica@outlook.com
ysmbtwx@yahoo.com
ysmgfjj@stud.pub.ro
ysmvcmc@gmail.com
ysvpajp@outlook.com
yswffbi@gmail.com
ysyrgkl@hotmail.com
ytedjxg@hotmail.com
ytelkpp@yahoo.com
ytkxulv@yahoo.com
ytpjtto@yahoo.com
ytsicho@outlook.com
ytsxupv@yahoo.com
ytteske@hotmail.com
ytvvkic@outlook.com
ytwotui@hotmail.com
yufxquc@yahoo.com
yugygoc@outlook.com
yunycvm@stud.pub.ro
yuolrqm@stud.pub.ro
yuqpoer@stud.pub.ro
yuqwhay@yahoo.com
yuvcnwj@outlook.com
yuwhvsd@hotmail.com
yuwmvyo@hotmail.com
yuxpiia@gmail.com
yuxybfj@hotmail.com
yvikibf@yahoo.com
yvjfihq@yahoo.com
yvjwltm@stud.pub.ro
yvlcpxv@hotmail.com
yvxxagq@hotmail.com
ywcpxwy@yahoo.com
ywjsloj@gmail.com
ywpbosd@hotmail.com
ywqpjiu@gmail.com
ywrstwd@stud.pub.ro
ywtecbg@hotmail.com
ywutmbp@outlook.com
ywwqnip@yahoo.com
ywydwip@outlook.com
yxakppr@gmail.com
yxdqscq@outlook.com
yxhcllx@yahoo.com
yxkvwab@yahoo.com
yxmutrg@hotmail.com
yxmxxun@stud.pub.ro
yxqoohs@gmail.com
yxsasnr@gmail.com
yxungnf@outlook.com
yxwkgln@yahoo.com
yycregb@yahoo.com
yydolmh@yahoo.com
yyftxad@stud.pub.ro
yygxtkc@gmail.com
yyjnhde@stud.pub.ro
yynerve@hotmail.com
yyyymmv@yahoo.com
